Component: Arm Compiler for Embedded 6.18 Tool: armlink [5e4cc100]

==============================================================================

Section Cross References

    startup_stm32l053xx.o(STACK) refers (Special) to heapauxi.o(.text) for __use_two_region_memory
    startup_stm32l053xx.o(HEAP) refers (Special) to heapauxi.o(.text) for __use_two_region_memory
    startup_stm32l053xx.o(RESET) refers (Special) to heapauxi.o(.text) for __use_two_region_memory
    startup_stm32l053xx.o(RESET) refers to startup_stm32l053xx.o(STACK) for __initial_sp
    startup_stm32l053xx.o(RESET) refers to startup_stm32l053xx.o(.text) for Reset_Handler
    startup_stm32l053xx.o(RESET) refers to stm32l0xx_it.o(.text.NMI_Handler) for NMI_Handler
    startup_stm32l053xx.o(RESET) refers to stm32l0xx_it.o(.text.HardFault_Handler) for HardFault_Handler
    startup_stm32l053xx.o(RESET) refers to stm32l0xx_it.o(.text.SVC_Handler) for SVC_Handler
    startup_stm32l053xx.o(RESET) refers to stm32l0xx_it.o(.text.PendSV_Handler) for PendSV_Handler
    startup_stm32l053xx.o(RESET) refers to stm32l0xx_it.o(.text.SysTick_Handler) for SysTick_Handler
    startup_stm32l053xx.o(RESET) refers to stm32l0xx_it.o(.text.TIM6_DAC_IRQHandler) for TIM6_DAC_IRQHandler
    startup_stm32l053xx.o(.text) refers (Special) to heapauxi.o(.text) for __use_two_region_memory
    startup_stm32l053xx.o(.text) refers to system_stm32l0xx.o(.text.SystemInit) for SystemInit
    startup_stm32l053xx.o(.text) refers to __main.o(!!!main) for __main
    startup_stm32l053xx.o(.text) refers to startup_stm32l053xx.o(HEAP) for Heap_Mem
    startup_stm32l053xx.o(.text) refers to startup_stm32l053xx.o(STACK) for Stack_Mem
    main.o(.text) refers (Special) to _printf_percent.o(.ARM.Collect$$_printf_percent$$00000000) for _printf_percent
    main.o(.text) refers (Special) to _printf_pad.o(.text) for _printf_pre_padding
    main.o(.text) refers (Special) to _printf_s.o(.ARM.Collect$$_printf_percent$$00000014) for _printf_s
    main.o(.text) refers (Special) to _printf_d.o(.ARM.Collect$$_printf_percent$$00000009) for _printf_d
    main.o(.text) refers (Special) to _printf_dec.o(.text) for _printf_int_dec
    main.o(.text) refers (Special) to _printf_str.o(.text) for _printf_str
    main.o(.text.tone) refers (Special) to _printf_percent.o(.ARM.Collect$$_printf_percent$$00000000) for _printf_percent
    main.o(.text.tone) refers (Special) to _printf_pad.o(.text) for _printf_pre_padding
    main.o(.text.tone) refers (Special) to _printf_s.o(.ARM.Collect$$_printf_percent$$00000014) for _printf_s
    main.o(.text.tone) refers (Special) to _printf_d.o(.ARM.Collect$$_printf_percent$$00000009) for _printf_d
    main.o(.text.tone) refers (Special) to _printf_dec.o(.text) for _printf_int_dec
    main.o(.text.tone) refers (Special) to _printf_str.o(.text) for _printf_str
    main.o(.text.tone) refers to main.o(.rodata.TONE_TABLE) for TONE_TABLE
    main.o(.ARM.exidx.text.tone) refers (Special) to _printf_percent.o(.ARM.Collect$$_printf_percent$$00000000) for _printf_percent
    main.o(.ARM.exidx.text.tone) refers (Special) to _printf_pad.o(.text) for _printf_pre_padding
    main.o(.ARM.exidx.text.tone) refers (Special) to _printf_s.o(.ARM.Collect$$_printf_percent$$00000014) for _printf_s
    main.o(.ARM.exidx.text.tone) refers (Special) to _printf_d.o(.ARM.Collect$$_printf_percent$$00000009) for _printf_d
    main.o(.ARM.exidx.text.tone) refers (Special) to _printf_dec.o(.text) for _printf_int_dec
    main.o(.ARM.exidx.text.tone) refers (Special) to _printf_str.o(.text) for _printf_str
    main.o(.ARM.exidx.text.tone) refers to main.o(.text.tone) for [Anonymous Symbol]
    main.o(.text.main) refers (Special) to _printf_percent.o(.ARM.Collect$$_printf_percent$$00000000) for _printf_percent
    main.o(.text.main) refers (Special) to _printf_pad.o(.text) for _printf_pre_padding
    main.o(.text.main) refers (Special) to _printf_s.o(.ARM.Collect$$_printf_percent$$00000014) for _printf_s
    main.o(.text.main) refers (Special) to _printf_d.o(.ARM.Collect$$_printf_percent$$00000009) for _printf_d
    main.o(.text.main) refers (Special) to _printf_dec.o(.text) for _printf_int_dec
    main.o(.text.main) refers (Special) to _printf_str.o(.text) for _printf_str
    main.o(.text.main) refers to stm32l0xx_hal.o(.text.HAL_Init) for HAL_Init
    main.o(.text.main) refers to rt_memclr.o(.text) for __aeabi_memclr4
    main.o(.text.main) refers to stm32l0xx_hal_rcc.o(.text.HAL_RCC_OscConfig) for HAL_RCC_OscConfig
    main.o(.text.main) refers to stm32l0xx_hal_rcc.o(.text.HAL_RCC_ClockConfig) for HAL_RCC_ClockConfig
    main.o(.text.main) refers to stm32l0xx_hal_rcc_ex.o(.text.HAL_RCCEx_PeriphCLKConfig) for HAL_RCCEx_PeriphCLKConfig
    main.o(.text.main) refers to gpio.o(.text.MX_GPIO_Init) for MX_GPIO_Init
    main.o(.text.main) refers to tim.o(.text.MX_TIM2_Init) for MX_TIM2_Init
    main.o(.text.main) refers to tim.o(.text.MX_TIM6_Init) for MX_TIM6_Init
[...]
    stm32l0xx_hal_tim_ex.c                   0x00000000   Number         0  stm32l0xx_hal_tim_ex.o ABSOLUTE
    stm32l0xx_hal_uart.c                     0x00000000   Number         0  stm32l0xx_hal_uart.o ABSOLUTE
    stm32l0xx_hal_uart_ex.c                  0x00000000   Number         0  stm32l0xx_hal_uart_ex.o ABSOLUTE
    stm32l0xx_it.c                           0x00000000   Number         0  stm32l0xx_it.o ABSOLUTE
    system_stm32l0xx.c                       0x00000000   Number         0  system_stm32l0xx.o ABSOLUTE
    tim.c                                    0x00000000   Number         0  tim.o ABSOLUTE
    usart.c                                  0x00000000   Number         0  usart.o ABSOLUTE
    RESET                                    0x08000000   Section      192  startup_stm32l053xx.o(RESET)
    !!!main                                  0x080000c0   Section        8  __main.o(!!!main)
    !!!scatter                               0x080000c8   Section       60  __scatter.o(!!!scatter)
    !!handler_copy                           0x08000104   Section       26  __scatter_copy.o(!!handler_copy)
    !!handler_zi                             0x08000120   Section       28  __scatter_zi.o(!!handler_zi)
    .ARM.Collect$$_printf_percent$$00000000  0x0800013c   Section        2  _printf_percent.o(.ARM.Collect$$_printf_percent$$00000000)
    .ARM.Collect$$_printf_percent$$00000009  0x0800013e   Section       10  _printf_d.o(.ARM.Collect$$_printf_percent$$00000009)
    .ARM.Collect$$_printf_percent$$00000014  0x08000148   Section       10  _printf_s.o(.ARM.Collect$$_printf_percent$$00000014)
    .ARM.Collect$$_printf_percent$$00000017  0x08000152   Section        4  _printf_percent_end.o(.ARM.Collect$$_printf_percent$$00000017)
    .ARM.Collect$$libinit$$00000000          0x08000156   Section        2  libinit.o(.ARM.Collect$$libinit$$00000000)
    .ARM.Collect$$libinit$$00000002          0x08000158   Section        0  libinit2.o(.ARM.Collect$$libinit$$00000002)
    .ARM.Collect$$libinit$$00000004          0x08000158   Section        0  libinit2.o(.ARM.Collect$$libinit$$00000004)
    .ARM.Collect$$libinit$$00000006          0x08000158   Section        0  libinit2.o(.ARM.Collect$$libinit$$00000006)
    .ARM.Collect$$libinit$$0000000C          0x08000158   Section        0  libinit2.o(.ARM.Collect$$libinit$$0000000C)
    .ARM.Collect$$libinit$$0000000E          0x08000158   Section        0  libinit2.o(.ARM.Collect$$libinit$$0000000E)
    .ARM.Collect$$libinit$$00000010          0x08000158   Section        0  libinit2.o(.ARM.Collect$$libinit$$00000010)
    .ARM.Collect$$libinit$$00000013          0x08000158   Section        0  libinit2.o(.ARM.Collect$$libinit$$00000013)
    .ARM.Collect$$libinit$$00000015          0x08000158   Section        0  libinit2.o(.ARM.Collect$$libinit$$00000015)
    .ARM.Collect$$libinit$$00000017          0x08000158   Section        0  libinit2.o(.ARM.Collect$$libinit$$00000017)
    .ARM.Collect$$libinit$$00000019          0x08000158   Section        0  libinit2.o(.ARM.Collect$$libinit$$00000019)
    .ARM.Collect$$libinit$$0000001B          0x08000158   Section        0  libinit2.o(.ARM.Collect$$libinit$$0000001B)
    .ARM.Collect$$libinit$$0000001D          0x08000158   Section        0  libinit2.o(.ARM.Collect$$libinit$$0000001D)
    .ARM.Collect$$libinit$$0000001F          0x08000158   Section        0  libinit2.o(.ARM.Collect$$libinit$$0000001F)
    .ARM.Collect$$libinit$$00000021          0x08000158   Section        0  libinit2.o(.ARM.Collect$$libinit$$00000021)
    .ARM.Collect$$libinit$$00000023          0x08000158   Section        0  libinit2.o(.ARM.Collect$$libinit$$00000023)
    .ARM.Collect$$libinit$$00000025          0x08000158   Section        0  libinit2.o(.ARM.Collect$$libinit$$00000025)
    .ARM.Collect$$libinit$$00000027          0x08000158   Section        0  libinit2.o(.ARM.Collect$$libinit$$00000027)
    .ARM.Collect$$libinit$$0000002E          0x08000158   Section        0  libinit2.o(.ARM.Collect$$libinit$$0000002E)
    .ARM.Collect$$libinit$$00000030          0x08000158   Section        0  libinit2.o(.ARM.Collect$$libinit$$00000030)
    .ARM.Collect$$libinit$$00000032          0x08000158   Section        0  libinit2.o(.ARM.Collect$$libinit$$00000032)
    .ARM.Collect$$libinit$$00000034          0x08000158   Section        0  libinit2.o(.ARM.Collect$$libinit$$00000034)
    .ARM.Collect$$libinit$$00000035          0x08000158   Section        2  libinit2.o(.ARM.Collect$$libinit$$00000035)
    .ARM.Collect$$libshutdown$$00000000      0x0800015a   Section        2  libshutdown.o(.ARM.Collect$$libshutdown$$00000000)
    .ARM.Collect$$libshutdown$$00000002      0x0800015c   Section        0  libshutdown2.o(.ARM.Collect$$libshutdown$$00000002)
    .ARM.Collect$$libshutdown$$00000004      0x0800015c   Section        0  libshutdown2.o(.ARM.Collect$$libshutdown$$00000004)
    .ARM.Collect$$libshutdown$$00000007      0x0800015c   Section        0  libshutdown2.o(.ARM.Collect$$libshutdown$$00000007)
    .ARM.Collect$$libshutdown$$0000000A      0x0800015c   Section        0  libshutdown2.o(.ARM.Collect$$libshutdown$$0000000A)
    .ARM.Collect$$libshutdown$$0000000C      0x0800015c   Section        0  libshutdown2.o(.ARM.Collect$$libshutdown$$0000000C)
    .ARM.Collect$$libshutdown$$0000000F      0x0800015c   Section        0  libshutdown2.o(.ARM.Collect$$libshutdown$$0000000F)
    .ARM.Collect$$libshutdown$$00000010      0x0800015c   Section        2  libshutdown2.o(.ARM.Collect$$libshutdown$$00000010)
    .ARM.Collect$$rtentry$$00000000          0x0800015e   Section        0  __rtentry.o(.ARM.Collect$$rtentry$$00000000)
    .ARM.Collect$$rtentry$$00000002          0x0800015e   Section        0  __rtentry2.o(.ARM.Collect$$rtentry$$00000002)
    .ARM.Collect$$rtentry$$00000004          0x0800015e   Section        6  __rtentry4.o(.ARM.Collect$$rtentry$$00000004)
    .ARM.Collect$$rtentry$$00000009          0x08000164   Section        0  __rtentry2.o(.ARM.Collect$$rtentry$$00000009)
    .ARM.Collect$$rtentry$$0000000A          0x08000164   Section        4  __rtentry2.o(.ARM.Collect$$rtentry$$0000000A)
    .ARM.Collect$$rtentry$$0000000C          0x08000168   Section        0  __rtentry2.o(.ARM.Collect$$rtentry$$0000000C)
    .ARM.Collect$$rtentry$$0000000D          0x08000168   Section        8  __rtentry2.o(.ARM.Collect$$rtentry$$0000000D)
    .ARM.Collect$$rtexit$$00000000           0x08000170   Section        2  rtexit.o(.ARM.Collect$$rtexit$$00000000)
    .ARM.Collect$$rtexit$$00000002           0x08000172   Section        0  rtexit2.o(.ARM.Collect$$rtexit$$00000002)
    .ARM.Collect$$rtexit$$00000003           0x08000172   Section        4  rtexit2.o(.ARM.Collect$$rtexit$$00000003)
    .ARM.Collect$$rtexit$$00000004           0x08000176   Section        6  rtexit2.o(.ARM.Collect$$rtexit$$00000004)
    .emb_text                                0x0800017c   Section       56  rt_memcpy.o(.emb_text)
    .text                                    0x080001b4   Section       56  startup_stm32l053xx.o(.text)
    .text                                    0x080001ec   Section        0  lludiv.o(.text)
    .text                                    0x080002fc   Section        0  noretval__2sprintf.o(.text)
    .text                                    0x08000324   Section        0  _printf_pad.o(.text)
    .text                                    0x08000372   Section        0  _printf_str.o(.text)
    .text                                    0x080003c4   Section        0  _printf_dec.o(.text)
    .text                                    0x08000430   Section        0  __printf_flags_wp.o(.text)
    .text                                    0x08000568   Section        0  rt_memclr.o(.text)
    .text                                    0x080005a8   Section        0  heapauxi.o(.text)
    .text                                    0x080005b0   Section        0  dfixi.o(.text)
    .text                                    0x0800061c   Section        0  dflti.o(.text)
    .text                                    0x08000674   Section        0  dmul.o(.text)
    .text                                    0x080008bc   Section        0  _printf_intcommon.o(.text)
    _printf_input_char                       0x0800096d   Thumb Code    10  _printf_char_common.o(.text)
    .text                                    0x0800096c   Section        0  _printf_char_common.o(.text)
    .text                                    0x0800099c   Section        0  _sputc.o(.text)
    .text                                    0x080009a6   Section        0  _printf_char.o(.text)
    .text                                    0x080009d4   Section        0  rtudiv10.o(.text)
    .text                                    0x080009fc   Section       62  sys_stackheap_outer.o(.text)
    .text                                    0x08000a3a   Section        0  exit.o(.text)
    .text                                    0x08000a4c   Section        8  libspace.o(.text)
    .text                                    0x08000a54   Section        0  sys_exit.o(.text)
    .text                                    0x08000a60   Section        2  use_no_semi.o(.text)
    .text                                    0x08000a62   Section        0  indicate_semi.o(.text)
    ADC_Enable                               0x08000a65   Thumb Code   176  stm32l0xx_hal_adc.o(.text.ADC_Enable)
    [Anonymous Symbol]                       0x08000a64   Section        0  stm32l0xx_hal_adc.o(.text.ADC_Enable)
    __arm_cp.5_0                             0x08000b14   Number         4  stm32l0xx_hal_adc.o(.text.ADC_Enable)
    [Anonymous Symbol]                       0x08000b18   Section        0  main.o(.text.Error_Handler)
    [Anonymous Symbol]                       0x08000b20   Section        0  stm32l0xx_hal_adc.o(.text.HAL_ADC_ConfigChannel)
    __arm_cp.22_0                            0x08000c1c   Number         4  stm32l0xx_hal_adc.o(.text.HAL_ADC_ConfigChannel)
    __arm_cp.22_2                            0x08000c20   Number         4  stm32l0xx_hal_adc.o(.text.HAL_ADC_ConfigChannel)
    __arm_cp.22_3                            0x08000c24   Number         4  stm32l0xx_hal_adc.o(.text.HAL_ADC_ConfigChannel)
    __arm_cp.22_4                            0x08000c28   Number         4  stm32l0xx_hal_adc.o(.text.HAL_ADC_ConfigChannel)
    [Anonymous Symbol]                       0x08000c2c   Section        0  stm32l0xx_hal_adc.o(.text.HAL_ADC_GetValue)
    [Anonymous Symbol]                       0x08000c34   Section        0  stm32l0xx_hal_adc.o(.text.HAL_ADC_Init)
    __arm_cp.0_0                             0x08000de8   Number         4  stm32l0xx_hal_adc.o(.text.HAL_ADC_Init)
    __arm_cp.0_1                             0x08000dec   Number         4  stm32l0xx_hal_adc.o(.text.HAL_ADC_Init)
    [Anonymous Symbol]                       0x08000df0   Section        0  adc.o(.text.HAL_ADC_MspInit)
    __arm_cp.1_0                             0x08000e38   Number         4  adc.o(.text.HAL_ADC_MspInit)
    __arm_cp.1_1                             0x08000e3c   Number         4  adc.o(.text.HAL_ADC_MspInit)
    [Anonymous Symbol]                       0x08000e40   Section        0  stm32l0xx_hal_adc.o(.text.HAL_ADC_PollForConversion)
    [Anonymous Symbol]                       0x08000f68   Section        0  stm32l0xx_hal_adc.o(.text.HAL_ADC_Start)
    __arm_cp.4_0                             0x08000fbc   Number         4  stm32l0xx_hal_adc.o(.text.HAL_ADC_Start)
    [Anonymous Symbol]                       0x08000fc0   Section        0  stm32l0xx_hal_adc.o(.text.HAL_ADC_Stop)
    [Anonymous Symbol]                       0x08001088   Section        0  stm32l0xx_hal.o(.text.HAL_Delay)
    __arm_cp.10_0                            0x080010a8   Number         4  stm32l0xx_hal.o(.text.HAL_Delay)
    [Anonymous Symbol]                       0x080010ac   Section        0  stm32l0xx_hal_gpio.o(.text.HAL_GPIO_Init)
    __arm_cp.0_0                             0x0800124c   Number         4  stm32l0xx_hal_gpio.o(.text.HAL_GPIO_Init)
    __arm_cp.0_1                             0x08001250   Number         4  stm32l0xx_hal_gpio.o(.text.HAL_GPIO_Init)
    __arm_cp.0_2                             0x08001254   Number         4  stm32l0xx_hal_gpio.o(.text.HAL_GPIO_Init)
    __arm_cp.0_3                             0x08001258   Number         4  stm32l0xx_hal_gpio.o(.text.HAL_GPIO_Init)
    [Anonymous Symbol]                       0x0800125c   Section        0  stm32l0xx_hal_gpio.o(.text.HAL_GPIO_ReadPin)
    [Anonymous Symbol]                       0x08001266   Section        0  stm32l0xx_hal_gpio.o(.text.HAL_GPIO_WritePin)
    [Anonymous Symbol]                       0x08001278   Section        0  stm32l0xx_hal.o(.text.HAL_GetTick)
    [Anonymous Symbol]                       0x08001280   Section        0  stm32l0xx_hal_i2c_ex.o(.text.HAL_I2CEx_ConfigAnalogFilter)
    [Anonymous Symbol]                       0x080012c4   Section        0  stm32l0xx_hal_i2c_ex.o(.text.HAL_I2CEx_ConfigDigitalFilter)
    [Anonymous Symbol]                       0x08001308   Section        0  stm32l0xx_hal_i2c.o(.text.HAL_I2C_Init)
    __arm_cp.0_0                             0x080013a8   Number         4  stm32l0xx_hal_i2c.o(.text.HAL_I2C_Init)
    __arm_cp.0_1                             0x080013ac   Number         4  stm32l0xx_hal_i2c.o(.text.HAL_I2C_Init)
    [Anonymous Symbol]                       0x080013b0   Section        0  stm32l0xx_hal_i2c.o(.text.HAL_I2C_Master_Transmit)
    __arm_cp.4_0                             0x0800152c   Number         4  stm32l0xx_hal_i2c.o(.text.HAL_I2C_Master_Transmit)
    __arm_cp.4_1                             0x08001530   Number         4  stm32l0xx_hal_i2c.o(.text.HAL_I2C_Master_Transmit)
    __arm_cp.4_2                             0x08001534   Number         4  stm32l0xx_hal_i2c.o(.text.HAL_I2C_Master_Transmit)
    __arm_cp.4_3                             0x08001538   Number         4  stm32l0xx_hal_i2c.o(.text.HAL_I2C_Master_Transmit)
    __arm_cp.4_4                             0x0800153c   Number         4  stm32l0xx_hal_i2c.o(.text.HAL_I2C_Master_Transmit)
    __arm_cp.4_5                             0x08001540   Number         4  stm32l0xx_hal_i2c.o(.text.HAL_I2C_Master_Transmit)
    __arm_cp.4_6                             0x08001544   Number         4  stm32l0xx_hal_i2c.o(.text.HAL_I2C_Master_Transmit)
    [Anonymous Symbol]                       0x08001548   Section        0  i2c.o(.text.HAL_I2C_MspInit)
    __arm_cp.1_0                             0x08001590   Number         4  i2c.o(.text.HAL_I2C_MspInit)
    __arm_cp.1_1                             0x08001594   Number         4  i2c.o(.text.HAL_I2C_MspInit)
    __arm_cp.1_2                             0x08001598   Number         4  i2c.o(.text.HAL_I2C_MspInit)
    [Anonymous Symbol]                       0x0800159c   Section        0  stm32l0xx_hal.o(.text.HAL_IncTick)
    __arm_cp.5_1                             0x080015ac   Number         4  stm32l0xx_hal.o(.text.HAL_IncTick)
    [Anonymous Symbol]                       0x080015b0   Section        0  stm32l0xx_hal.o(.text.HAL_Init)
    __arm_cp.0_0                             0x080015d4   Number         4  stm32l0xx_hal.o(.text.HAL_Init)
    [Anonymous Symbol]                       0x080015d8   Section        0  stm32l0xx_hal.o(.text.HAL_InitTick)
    __arm_cp.1_0                             0x08001614   Number         4  stm32l0xx_hal.o(.text.HAL_InitTick)
    __arm_cp.1_1                             0x08001618   Number         4  stm32l0xx_hal.o(.text.HAL_InitTick)
    [Anonymous Symbol]                       0x0800161c   Section        0  stm32l0xx_hal_msp.o(.text.HAL_MspInit)
    __arm_cp.0_0                             0x08001630   Number         4  stm32l0xx_hal_msp.o(.text.HAL_MspInit)
    [Anonymous Symbol]                       0x08001634   Section        0  stm32l0xx_hal_cortex.o(.text.HAL_NVIC_EnableIRQ)
    __arm_cp.1_0                             0x08001648   Number         4  stm32l0xx_hal_cortex.o(.text.HAL_NVIC_EnableIRQ)
    [Anonymous Symbol]                       0x0800164c   Section        0  stm32l0xx_hal_cortex.o(.text.HAL_NVIC_SetPriority)
    __arm_cp.0_0                             0x08001684   Number         4  stm32l0xx_hal_cortex.o(.text.HAL_NVIC_SetPriority)
    __arm_cp.0_1                             0x08001688   Number         4  stm32l0xx_hal_cortex.o(.text.HAL_NVIC_SetPriority)
    [Anonymous Symbol]                       0x0800168c   Section        0  stm32l0xx_hal_rcc_ex.o(.text.HAL_RCCEx_PeriphCLKConfig)
    __arm_cp.0_0                             0x0800188c   Number         4  stm32l0xx_hal_rcc_ex.o(.text.HAL_RCCEx_PeriphCLKConfig)
    __arm_cp.0_1                             0x08001890   Number         4  stm32l0xx_hal_rcc_ex.o(.text.HAL_RCCEx_PeriphCLKConfig)
    [Anonymous Symbol]                       0x08001894   Section        0  stm32l0xx_hal_rcc.o(.text.HAL_RCC_ClockConfig)
    __arm_cp.3_0                             0x08001aac   Number         4  stm32l0xx_hal_rcc.o(.text.HAL_RCC_ClockConfig)
    __arm_cp.3_1                             0x08001ab0   Number         4  stm32l0xx_hal_rcc.o(.text.HAL_RCC_ClockConfig)
    __arm_cp.3_7                             0x08001ab4   Number         4  stm32l0xx_hal_rcc.o(.text.HAL_RCC_ClockConfig)
    __arm_cp.3_9                             0x08001ab8   Number         4  stm32l0xx_hal_rcc.o(.text.HAL_RCC_ClockConfig)
    [Anonymous Symbol]                       0x08001abc   Section        0  stm32l0xx_hal_rcc.o(.text.HAL_RCC_GetHCLKFreq)
    [Anonymous Symbol]                       0x08001ac4   Section        0  stm32l0xx_hal_rcc.o(.text.HAL_RCC_GetPCLK1Freq)
    [Anonymous Symbol]                       0x08001ad8   Section        0  stm32l0xx_hal_rcc.o(.text.HAL_RCC_GetPCLK2Freq)
    __arm_cp.8_0                             0x08001aec   Number         4  stm32l0xx_hal_rcc.o(.text.HAL_RCC_GetPCLK2Freq)
    __arm_cp.8_1                             0x08001af0   Number         4  stm32l0xx_hal_rcc.o(.text.HAL_RCC_GetPCLK2Freq)
    __arm_cp.8_2                             0x08001af4   Number         4  stm32l0xx_hal_rcc.o(.text.HAL_RCC_GetPCLK2Freq)
    [Anonymous Symbol]                       0x08001af8   Section        0  stm32l0xx_hal_rcc.o(.text.HAL_RCC_GetSysClockFreq)
    __arm_cp.2_1                             0x08001b5c   Number         4  stm32l0xx_hal_rcc.o(.text.HAL_RCC_GetSysClockFreq)
    __arm_cp.2_2                             0x08001b60   Number         4  stm32l0xx_hal_rcc.o(.text.HAL_RCC_GetSysClockFreq)
    __arm_cp.2_3                             0x08001b64   Number         4  stm32l0xx_hal_rcc.o(.text.HAL_RCC_GetSysClockFreq)
    __arm_cp.2_4                             0x08001b68   Number         4  stm32l0xx_hal_rcc.o(.text.HAL_RCC_GetSysClockFreq)
    [Anonymous Symbol]                       0x08001b6c   Section        0  stm32l0xx_hal_rcc.o(.text.HAL_RCC_OscConfig)
    __arm_cp.1_13                            0x08001cfc   Number         4  stm32l0xx_hal_rcc.o(.text.HAL_RCC_OscConfig)
    __arm_cp.1_1                             0x080020c8   Number         4  stm32l0xx_hal_rcc.o(.text.HAL_RCC_OscConfig)
    __arm_cp.1_2                             0x080020cc   Number         4  stm32l0xx_hal_rcc.o(.text.HAL_RCC_OscConfig)
    __arm_cp.1_3                             0x080020d0   Number         4  stm32l0xx_hal_rcc.o(.text.HAL_RCC_OscConfig)
    __arm_cp.1_4                             0x080020d4   Number         4  stm32l0xx_hal_rcc.o(.text.HAL_RCC_OscConfig)
    __arm_cp.1_5                             0x080020d8   Number         4  stm32l0xx_hal_rcc.o(.text.HAL_RCC_OscConfig)
    __arm_cp.1_6                             0x080020dc   Number         4  stm32l0xx_hal_rcc.o(.text.HAL_RCC_OscConfig)
    __arm_cp.1_7                             0x080020e0   Number         4  stm32l0xx_hal_rcc.o(.text.HAL_RCC_OscConfig)
    __arm_cp.1_8                             0x080020e4   Number         4  stm32l0xx_hal_rcc.o(.text.HAL_RCC_OscConfig)
    __arm_cp.1_9                             0x080020e8   Number         4  stm32l0xx_hal_rcc.o(.text.HAL_RCC_OscConfig)
    __arm_cp.1_10                            0x080020ec   Number         4  stm32l0xx_hal_rcc.o(.text.HAL_RCC_OscConfig)
    [Anonymous Symbol]                       0x080020f0   Section        0  stm32l0xx_hal_cortex.o(.text.HAL_SYSTICK_Config)
    __arm_cp.4_0                             0x08002118   Number         4  stm32l0xx_hal_cortex.o(.text.HAL_SYSTICK_Config)
    __arm_cp.4_1                             0x0800211c   Number         4  stm32l0xx_hal_cortex.o(.text.HAL_SYSTICK_Config)
    __arm_cp.4_2                             0x08002120   Number         4  stm32l0xx_hal_cortex.o(.text.HAL_SYSTICK_Config)
    [Anonymous Symbol]                       0x08002124   Section        0  stm32l0xx_hal_tim_ex.o(.text.HAL_TIMEx_MasterConfigSynchronization)
    [Anonymous Symbol]                       0x08002170   Section        0  stm32l0xx_hal_tim.o(.text.HAL_TIM_Base_Init)
    [Anonymous Symbol]                       0x08002200   Section        0  tim.o(.text.HAL_TIM_Base_MspInit)
    __arm_cp.4_1                             0x08002250   Number         4  tim.o(.text.HAL_TIM_Base_MspInit)
    __arm_cp.4_2                             0x08002254   Number         4  tim.o(.text.HAL_TIM_Base_MspInit)
    [Anonymous Symbol]                       0x08002258   Section        0  stm32l0xx_hal_tim.o(.text.HAL_TIM_Base_Start)
    [Anonymous Symbol]                       0x0800229c   Section        0  stm32l0xx_hal_tim.o(.text.HAL_TIM_Base_Start_IT)
    __arm_cp.6_0                             0x080022e4   Number         4  stm32l0xx_hal_tim.o(.text.HAL_TIM_Base_Start_IT)
    __arm_cp.6_1                             0x080022e8   Number         4  stm32l0xx_hal_tim.o(.text.HAL_TIM_Base_Start_IT)
    [Anonymous Symbol]                       0x080022ec   Section        0  stm32l0xx_hal_tim.o(.text.HAL_TIM_Base_Stop)
    __arm_cp.5_0                             0x08002308   Number         4  stm32l0xx_hal_tim.o(.text.HAL_TIM_Base_Stop)
    [Anonymous Symbol]                       0x0800230c   Section        0  stm32l0xx_hal_tim.o(.text.HAL_TIM_ConfigClockSource)
    __arm_cp.85_0                            0x08002464   Number         4  stm32l0xx_hal_tim.o(.text.HAL_TIM_ConfigClockSource)
    [Anonymous Symbol]                       0x08002468   Section        0  stm32l0xx_hal_tim.o(.text.HAL_TIM_IC_CaptureCallback)
    [Anonymous Symbol]                       0x0800246a   Section        0  stm32l0xx_hal_tim.o(.text.HAL_TIM_IRQHandler)
    [Anonymous Symbol]                       0x08002580   Section        0  stm32l0xx_hal_tim.o(.text.HAL_TIM_OC_DelayElapsedCallback)
    [Anonymous Symbol]                       0x08002584   Section        0  stm32l0xx_hal_tim.o(.text.HAL_TIM_PWM_ConfigChannel)
    [Anonymous Symbol]                       0x080026d4   Section        0  stm32l0xx_hal_tim.o(.text.HAL_TIM_PWM_Init)
    [Anonymous Symbol]                       0x08002764   Section        0  stm32l0xx_hal_tim.o(.text.HAL_TIM_PWM_MspInit)
    [Anonymous Symbol]                       0x08002766   Section        0  stm32l0xx_hal_tim.o(.text.HAL_TIM_PWM_PulseFinishedCallback)
    [Anonymous Symbol]                       0x08002768   Section        0  stm32l0xx_hal_tim.o(.text.HAL_TIM_PWM_Start)
    __arm_cp.29_0                            0x080027f8   Number         4  stm32l0xx_hal_tim.o(.text.HAL_TIM_PWM_Start)
    __arm_cp.29_1                            0x080027fc   Number         4  stm32l0xx_hal_tim.o(.text.HAL_TIM_PWM_Start)
    [Anonymous Symbol]                       0x08002800   Section        0  stm32l0xx_hal_tim.o(.text.HAL_TIM_PWM_Stop)
    __arm_cp.30_0                            0x08002854   Number         4  stm32l0xx_hal_tim.o(.text.HAL_TIM_PWM_Stop)
    [Anonymous Symbol]                       0x08002858   Section        0  main.o(.text.HAL_TIM_PeriodElapsedCallback)
    __arm_cp.4_0                             0x08002870   Number         4  main.o(.text.HAL_TIM_PeriodElapsedCallback)
    __arm_cp.4_1                             0x08002874   Number         4  main.o(.text.HAL_TIM_PeriodElapsedCallback)
    [Anonymous Symbol]                       0x08002878   Section        0  stm32l0xx_hal_tim.o(.text.HAL_TIM_TriggerCallback)
    [Anonymous Symbol]                       0x0800287a   Section        0  stm32l0xx_hal_uart.o(.text.HAL_UART_Init)
    [Anonymous Symbol]                       0x080028e4   Section        0  usart.o(.text.HAL_UART_MspInit)
    __arm_cp.1_0                             0x08002930   Number         4  usart.o(.text.HAL_UART_MspInit)
    __arm_cp.1_1                             0x08002934   Number         4  usart.o(.text.HAL_UART_MspInit)
    [Anonymous Symbol]                       0x08002938   Section        0  stm32l0xx_it.o(.text.HardFault_Handler)
    I2C_IsErrorOccurred                      0x0800293d   Thumb Code   380  stm32l0xx_hal_i2c.o(.text.I2C_IsErrorOccurred)
    [Anonymous Symbol]                       0x0800293c   Section        0  stm32l0xx_hal_i2c.o(.text.I2C_IsErrorOccurred)
    __arm_cp.72_0                            0x08002ab8   Number         4  stm32l0xx_hal_i2c.o(.text.I2C_IsErrorOccurred)
    I2C_WaitOnFlagUntilTimeout               0x08002abd   Thumb Code   222  stm32l0xx_hal_i2c.o(.text.I2C_WaitOnFlagUntilTimeout)
    [Anonymous Symbol]                       0x08002abc   Section        0  stm32l0xx_hal_i2c.o(.text.I2C_WaitOnFlagUntilTimeout)
    I2C_WaitOnSTOPFlagUntilTimeout           0x08002b9b   Thumb Code   134  stm32l0xx_hal_i2c.o(.text.I2C_WaitOnSTOPFlagUntilTimeout)
    [Anonymous Symbol]                       0x08002b9a   Section        0  stm32l0xx_hal_i2c.o(.text.I2C_WaitOnSTOPFlagUntilTimeout)
    I2C_WaitOnTXISFlagUntilTimeout           0x08002c21   Thumb Code   166  stm32l0xx_hal_i2c.o(.text.I2C_WaitOnTXISFlagUntilTimeout)
    [Anonymous Symbol]                       0x08002c20   Section        0  stm32l0xx_hal_i2c.o(.text.I2C_WaitOnTXISFlagUntilTimeout)
    [Anonymous Symbol]                       0x08002cc8   Section        0  iic_1602.o(.text.Initialize_LCD)
    __arm_cp.4_0                             0x0800302c   Number         4  iic_1602.o(.text.Initialize_LCD)
    __arm_cp.4_1                             0x08003030   Number         4  iic_1602.o(.text.Initialize_LCD)
    __arm_cp.4_2                             0x08003034   Number         4  iic_1602.o(.text.Initialize_LCD)
    [Anonymous Symbol]                       0x08003038   Section        0  adc.o(.text.MX_ADC_Init)
    __arm_cp.0_0                             0x080030b0   Number         4  adc.o(.text.MX_ADC_Init)
    __arm_cp.0_1                             0x080030b4   Number         4  adc.o(.text.MX_ADC_Init)
    __arm_cp.0_2                             0x080030b8   Number         4  adc.o(.text.MX_ADC_Init)
    [Anonymous Symbol]                       0x080030bc   Section        0  gpio.o(.text.MX_GPIO_Init)
    __arm_cp.0_1                             0x080031a0   Number         4  gpio.o(.text.MX_GPIO_Init)
    [Anonymous Symbol]                       0x080031a4   Section        0  i2c.o(.text.MX_I2C1_Init)
    __arm_cp.0_0                             0x080031f0   Number         4  i2c.o(.text.MX_I2C1_Init)
    __arm_cp.0_1                             0x080031f4   Number         4  i2c.o(.text.MX_I2C1_Init)
    __arm_cp.0_2                             0x080031f8   Number         4  i2c.o(.text.MX_I2C1_Init)
    [Anonymous Symbol]                       0x080031fc   Section        0  tim.o(.text.MX_TIM21_Init)
    __arm_cp.3_0                             0x08003258   Number         4  tim.o(.text.MX_TIM21_Init)
    __arm_cp.3_1                             0x0800325c   Number         4  tim.o(.text.MX_TIM21_Init)
    __arm_cp.3_2                             0x08003260   Number         4  tim.o(.text.MX_TIM21_Init)
    [Anonymous Symbol]                       0x08003264   Section        0  tim.o(.text.MX_TIM2_Init)
    __arm_cp.0_0                             0x08003374   Number         4  tim.o(.text.MX_TIM2_Init)
    __arm_cp.0_1                             0x08003378   Number         4  tim.o(.text.MX_TIM2_Init)
    __arm_cp.0_2                             0x0800337c   Number         4  tim.o(.text.MX_TIM2_Init)
    __arm_cp.0_3                             0x08003380   Number         4  tim.o(.text.MX_TIM2_Init)
    [Anonymous Symbol]                       0x08003384   Section        0  tim.o(.text.MX_TIM6_Init)
    __arm_cp.2_1                             0x080033c4   Number         4  tim.o(.text.MX_TIM6_Init)
    [Anonymous Symbol]                       0x080033c8   Section        0  usart.o(.text.MX_USART2_UART_Init)
    __arm_cp.0_0                             0x080033f8   Number         4  usart.o(.text.MX_USART2_UART_Init)
    [Anonymous Symbol]                       0x080033fc   Section        0  stm32l0xx_it.o(.text.NMI_Handler)
    [Anonymous Symbol]                       0x080033fe   Section        0  stm32l0xx_it.o(.text.PendSV_Handler)
    [Anonymous Symbol]                       0x08003400   Section        0  stm32l0xx_it.o(.text.SVC_Handler)
    [Anonymous Symbol]                       0x08003402   Section        0  stm32l0xx_it.o(.text.SysTick_Handler)
    [Anonymous Symbol]                       0x0800340a   Section        0  system_stm32l0xx.o(.text.SystemInit)
    [Anonymous Symbol]                       0x0800340c   Section        0  stm32l0xx_it.o(.text.TIM6_DAC_IRQHandler)
    __arm_cp.5_0                             0x08003418   Number         4  stm32l0xx_it.o(.text.TIM6_DAC_IRQHandler)
    [Anonymous Symbol]                       0x0800341c   Section        0  stm32l0xx_hal_uart.o(.text.UART_AdvFeatureConfig)
    [Anonymous Symbol]                       0x080034f0   Section        0  stm32l0xx_hal_uart.o(.text.UART_CheckIdleState)
    __arm_cp.4_0                             0x080035b4   Number         4  stm32l0xx_hal_uart.o(.text.UART_CheckIdleState)
    [Anonymous Symbol]                       0x080035b8   Section        0  stm32l0xx_hal_uart.o(.text.UART_SetConfig)
    __arm_cp.2_0                             0x08003784   Number         4  stm32l0xx_hal_uart.o(.text.UART_SetConfig)
    __arm_cp.2_1                             0x08003788   Number         4  stm32l0xx_hal_uart.o(.text.UART_SetConfig)
    __arm_cp.2_2                             0x0800378c   Number         4  stm32l0xx_hal_uart.o(.text.UART_SetConfig)
    __arm_cp.2_3                             0x08003790   Number         4  stm32l0xx_hal_uart.o(.text.UART_SetConfig)
    __arm_cp.2_4                             0x08003794   Number         4  stm32l0xx_hal_uart.o(.text.UART_SetConfig)
    __arm_cp.2_5                             0x08003798   Number         4  stm32l0xx_hal_uart.o(.text.UART_SetConfig)
    __arm_cp.2_7                             0x080037ac   Number         4  stm32l0xx_hal_uart.o(.text.UART_SetConfig)
    __arm_cp.2_8                             0x080037b0   Number         4  stm32l0xx_hal_uart.o(.text.UART_SetConfig)
    __arm_cp.2_9                             0x080037b4   Number         4  stm32l0xx_hal_uart.o(.text.UART_SetConfig)
    __arm_cp.2_10                            0x080037b8   Number         4  stm32l0xx_hal_uart.o(.text.UART_SetConfig)
    __arm_cp.2_11                            0x080037bc   Number         4  stm32l0xx_hal_uart.o(.text.UART_SetConfig)
    [Anonymous Symbol]                       0x080037c0   Section        0  stm32l0xx_hal_uart.o(.text.UART_WaitOnFlagUntilTimeout)
    [Anonymous Symbol]                       0x08003964   Section        0  iic_1602.o(.text.clear_LCD)
    __arm_cp.5_1                             0x080039f8   Number         4  iic_1602.o(.text.clear_LCD)
    __arm_cp.5_2                             0x080039fc   Number         4  iic_1602.o(.text.clear_LCD)
    __arm_cp.5_3                             0x08003a00   Number         4  iic_1602.o(.text.clear_LCD)
    [Anonymous Symbol]                       0x08003a04   Section        0  main.o(.text.main)
    __arm_cp.1_35                            0x08003c54   Number         4  main.o(.text.main)
    __arm_cp.1_36                            0x08003c58   Number         4  main.o(.text.main)
    __arm_cp.1_37                            0x08003c5c   Number         4  main.o(.text.main)
    __arm_cp.1_38                            0x08003c60   Number         4  main.o(.text.main)
    __arm_cp.1_41                            0x08003c6c   Number         4  main.o(.text.main)
    __arm_cp.1_42                            0x08003c70   Number         4  main.o(.text.main)
    __arm_cp.1_43                            0x08003f88   Number         4  main.o(.text.main)
    __arm_cp.1_44                            0x08003f8c   Number         4  main.o(.text.main)
    __arm_cp.1_3                             0x08003f90   Number         4  main.o(.text.main)
    __arm_cp.1_4                             0x08003f94   Number         4  main.o(.text.main)
    __arm_cp.1_7                             0x08003f98   Number         4  main.o(.text.main)
    __arm_cp.1_9                             0x08003fa4   Number         4  main.o(.text.main)
    __arm_cp.1_10                            0x08003fa8   Number         4  main.o(.text.main)
    __arm_cp.1_11                            0x08003fac   Number         4  main.o(.text.main)
    __arm_cp.1_12                            0x08003fb0   Number         4  main.o(.text.main)
    __arm_cp.1_14                            0x08003fc8   Number         4  main.o(.text.main)
    __arm_cp.1_15                            0x08003fcc   Number         4  main.o(.text.main)
    __arm_cp.1_16                            0x08003fd0   Number         4  main.o(.text.main)
    __arm_cp.1_17                            0x08003fd4   Number         4  main.o(.text.main)
    __arm_cp.1_18                            0x08003fd8   Number         4  main.o(.text.main)
    __arm_cp.1_22                            0x08003ff0   Number         4  main.o(.text.main)
    __arm_cp.1_23                            0x08003ff4   Number         4  main.o(.text.main)
    __arm_cp.1_24                            0x08003ff8   Number         4  main.o(.text.main)
    __arm_cp.1_25                            0x08003ffc   Number         4  main.o(.text.main)
    __arm_cp.1_27                            0x08004018   Number         4  main.o(.text.main)
    __arm_cp.1_28                            0x0800401c   Number         4  main.o(.text.main)
    __arm_cp.1_32                            0x08004048   Number         4  main.o(.text.main)
    [Anonymous Symbol]                       0x0800404c   Section        0  iic_1602.o(.text.writes)
    __arm_cp.3_0                             0x0800413c   Number         4  iic_1602.o(.text.writes)
    __arm_cp.3_1                             0x08004140   Number         4  iic_1602.o(.text.writes)
    __arm_cp.3_2                             0x08004144   Number         4  iic_1602.o(.text.writes)
    .text_divfast                            0x08004148   Section      502  aeabi_sdivfast.o(.text_divfast)
    i._is_digit                              0x0800433e   Section        0  __printf_wp.o(i._is_digit)
    maptable                                 0x0800434c   Data          17  __printf_flags_wp.o(.constdata)
    .constdata                               0x0800434c   Section       17  __printf_flags_wp.o(.constdata)
    x$fpl$usenofp                            0x0800434c   Section        0  usenofp.o(x$fpl$usenofp)
    [Anonymous Symbol]                       0x08004398   Section        0  stm32l0xx_hal_uart.o(.rodata.cst16)
    [Anonymous Symbol]                       0x20000000   Section        0  stm32l0xx_hal.o(.data..L_MergedGlobals)
    .bss                                     0x20000010   Section       96  libspace.o(.bss)
    [Anonymous Symbol]                       0x20000070   Section        0  main.o(.bss..L_MergedGlobals)
    Heap_Mem                                 0x200002d0   Data         512  startup_stm32l053xx.o(HEAP)
    HEAP                                     0x200002d0   Section      512  startup_stm32l053xx.o(HEAP)
    Stack_Mem                                0x200004d0   Data        1024  startup_stm32l053xx.o(STACK)
    STACK                                    0x200004d0   Section     1024  startup_stm32l053xx.o(STACK)
    __initial_sp                             0x200008d0   Data           0  startup_stm32l053xx.o(STACK)

    Global Symbols

    Symbol Name                              Value     Ov Type        Size  Object(Section)

    BuildAttributes$$THM_ISAv3M$S$PE$A:L22$X:L11$S22$IEEE1$IW$~IW$USESV6$~STKCKD$USESV7$~SHL$OTIME$ROPI$EBA8$UX$STANDARDLIB$REQ8$PRES8$EABIv2 0x00000000   Number         0  anon$$obj.o ABSOLUTE
    _printf_flags                            0x00000000   Number         0  printf_stubs.o ABSOLUTE
    _printf_return_value                     0x00000000   Number         0  printf_stubs.o ABSOLUTE
    _printf_sizespec                         0x00000000   Number         0  printf_stubs.o ABSOLUTE
    _printf_widthprec                        0x00000000   Number         0  printf_stubs.o ABSOLUTE
    __ARM_exceptions_init                     - Undefined Weak Reference
    __alloca_initialize                       - Undefined Weak Reference
    __arm_preinit_                            - Undefined Weak Reference
    __arm_relocate_pie_                       - Undefined Weak Reference
    __cpp_initialize__aeabi_                  - Undefined Weak Reference
    __cxa_finalize                            - Undefined Weak Reference
    __rt_locale                               - Undefined Weak Reference
    __sigvec_lookup                           - Undefined Weak Reference
    _atexit_init                              - Undefined Weak Reference
    _call_atexit_fns                          - Undefined Weak Reference
    _clock_init                               - Undefined Weak Reference
    _fp_trap_init                             - Undefined Weak Reference
    _fp_trap_shutdown                         - Undefined Weak Reference
    _get_lc_collate                           - Undefined Weak Reference
    _get_lc_ctype                             - Undefined Weak Reference
    _get_lc_monetary                          - Undefined Weak Reference
    _get_lc_numeric                           - Undefined Weak Reference
    _get_lc_time                              - Undefined Weak Reference
    _getenv_init                              - Undefined Weak Reference
    _handle_redirection                       - Undefined Weak Reference
    _init_alloc                               - Undefined Weak Reference
    _init_user_alloc                          - Undefined Weak Reference
    _initio                                   - Undefined Weak Reference
    _printf_mbtowc                            - Undefined Weak Reference
    _printf_truncate_signed                   - Undefined Weak Reference
    _printf_truncate_unsigned                 - Undefined Weak Reference
    _rand_init                                - Undefined Weak Reference
    _signal_finish                            - Undefined Weak Reference
    _signal_init                              - Undefined Weak Reference
    _terminate_alloc                          - Undefined Weak Reference
    _terminate_user_alloc                     - Undefined Weak Reference
    _terminateio                              - Undefined Weak Reference
    __Vectors_Size                           0x000000c0   Number         0  startup_stm32l053xx.o ABSOLUTE
    __Vectors                                0x08000000   Data           4  startup_stm32l053xx.o(RESET)
    __Vectors_End                            0x080000c0   Data           0  startup_stm32l053xx.o(RESET)
    __main                                   0x080000c1   Thumb Code     8  __main.o(!!!main)
    __scatterload                            0x080000c9   Thumb Code     0  __scatter.o(!!!scatter)
    __scatterload_rt2                        0x080000c9   Thumb Code    52  __scatter.o(!!!scatter)
    __scatterload_rt2_thumb_only             0x080000c9   Thumb Code     0  __scatter.o(!!!scatter)
    __scatterload_null                       0x080000d9   Thumb Code     0  __scatter.o(!!!scatter)
    __scatterload_copy                       0x08000105   Thumb Code    26  __scatter_copy.o(!!handler_copy)
    __scatterload_zeroinit                   0x08000121   Thumb Code    28  __scatter_zi.o(!!handler_zi)
    _printf_percent                          0x0800013d   Thumb Code     0  _printf_percent.o(.ARM.Collect$$_printf_percent$$00000000)
    _printf_d                                0x0800013f   Thumb Code     0  _printf_d.o(.ARM.Collect$$_printf_percent$$00000009)
    _printf_s                                0x08000149   Thumb Code     0  _printf_s.o(.ARM.Collect$$_printf_percent$$00000014)
    _printf_percent_end                      0x08000153   Thumb Code     0  _printf_percent_end.o(.ARM.Collect$$_printf_percent$$00000017)
    __rt_lib_init                            0x08000157   Thumb Code     0  libinit.o(.ARM.Collect$$libinit$$00000000)
    __rt_lib_init_alloca_1                   0x08000159   Thumb Code     0  libinit2.o(.ARM.Collect$$libinit$$00000030)
    __rt_lib_init_argv_1                     0x08000159   Thumb Code     0  libinit2.o(.ARM.Collect$$libinit$$0000002E)
    __rt_lib_init_atexit_1                   0x08000159   Thumb Code     0  libinit2.o(.ARM.Collect$$libinit$$0000001D)
    __rt_lib_init_clock_1                    0x08000159   Thumb Code     0  libinit2.o(.ARM.Collect$$libinit$$00000023)
    __rt_lib_init_cpp_1                      0x08000159   Thumb Code     0  libinit2.o(.ARM.Collect$$libinit$$00000034)
    __rt_lib_init_exceptions_1               0x08000159   Thumb Code     0  libinit2.o(.ARM.Collect$$libinit$$00000032)
    __rt_lib_init_fp_1                       0x08000159   Thumb Code     0  libinit2.o(.ARM.Collect$$libinit$$00000002)
    __rt_lib_init_fp_trap_1                  0x08000159   Thumb Code     0  libinit2.o(.ARM.Collect$$libinit$$00000021)
    __rt_lib_init_getenv_1                   0x08000159   Thumb Code     0  libinit2.o(.ARM.Collect$$libinit$$00000025)
    __rt_lib_init_heap_1                     0x08000159   Thumb Code     0  libinit2.o(.ARM.Collect$$libinit$$0000000C)
    __rt_lib_init_lc_collate_1               0x08000159   Thumb Code     0  libinit2.o(.ARM.Collect$$libinit$$00000013)
    __rt_lib_init_lc_ctype_1                 0x08000159   Thumb Code     0  libinit2.o(.ARM.Collect$$libinit$$00000015)
    __rt_lib_init_lc_monetary_1              0x08000159   Thumb Code     0  libinit2.o(.ARM.Collect$$libinit$$00000017)
    __rt_lib_init_lc_numeric_1               0x08000159   Thumb Code     0  libinit2.o(.ARM.Collect$$libinit$$00000019)
    __rt_lib_init_lc_time_1                  0x08000159   Thumb Code     0  libinit2.o(.ARM.Collect$$libinit$$0000001B)
    __rt_lib_init_preinit_1                  0x08000159   Thumb Code     0  libinit2.o(.ARM.Collect$$libinit$$00000006)
    __rt_lib_init_rand_1                     0x08000159   Thumb Code     0  libinit2.o(.ARM.Collect$$libinit$$00000010)
    __rt_lib_init_relocate_pie_1             0x08000159   Thumb Code     0  libinit2.o(.ARM.Collect$$libinit$$00000004)
    __rt_lib_init_return                     0x08000159   Thumb Code     0  libinit2.o(.ARM.Collect$$libinit$$00000035)
    __rt_lib_init_signal_1                   0x08000159   Thumb Code     0  libinit2.o(.ARM.Collect$$libinit$$0000001F)
    __rt_lib_init_stdio_1                    0x08000159   Thumb Code     0  libinit2.o(.ARM.Collect$$libinit$$00000027)
    __rt_lib_init_user_alloc_1               0x08000159   Thumb Code     0  libinit2.o(.ARM.Collect$$libinit$$0000000E)
    __rt_lib_shutdown                        0x0800015b   Thumb Code     0  libshutdown.o(.ARM.Collect$$libshutdown$$00000000)
    __rt_lib_shutdown_cpp_1                  0x0800015d   Thumb Code     0  libshutdown2.o(.ARM.Collect$$libshutdown$$00000002)
    __rt_lib_shutdown_fp_trap_1              0x0800015d   Thumb Code     0  libshutdown2.o(.ARM.Collect$$libshutdown$$00000007)
    __rt_lib_shutdown_heap_1                 0x0800015d   Thumb Code     0  libshutdown2.o(.ARM.Collect$$libshutdown$$0000000F)
    __rt_lib_shutdown_return                 0x0800015d   Thumb Code     0  libshutdown2.o(.ARM.Collect$$libshutdown$$00000010)
    __rt_lib_shutdown_signal_1               0x0800015d   Thumb Code     0  libshutdown2.o(.ARM.Collect$$libshutdown$$0000000A)
    __rt_lib_shutdown_stdio_1                0x0800015d   Thumb Code     0  libshutdown2.o(.ARM.Collect$$libshutdown$$00000004)
    __rt_lib_shutdown_user_alloc_1           0x0800015d   Thumb Code     0  libshutdown2.o(.ARM.Collect$$libshutdown$$0000000C)
    __rt_entry                               0x0800015f   Thumb Code     0  __rtentry.o(.ARM.Collect$$rtentry$$00000000)
    __rt_entry_presh_1                       0x0800015f   Thumb Code     0  __rtentry2.o(.ARM.Collect$$rtentry$$00000002)
    __rt_entry_sh                            0x0800015f   Thumb Code     0  __rtentry4.o(.ARM.Collect$$rtentry$$00000004)
    __rt_entry_li                            0x08000165   Thumb Code     0  __rtentry2.o(.ARM.Collect$$rtentry$$0000000A)
    __rt_entry_postsh_1                      0x08000165   Thumb Code     0  __rtentry2.o(.ARM.Collect$$rtentry$$00000009)
    __rt_entry_main                          0x08000169   Thumb Code     0  __rtentry2.o(.ARM.Collect$$rtentry$$0000000D)
    __rt_entry_postli_1                      0x08000169   Thumb Code     0  __rtentry2.o(.ARM.Collect$$rtentry$$0000000C)
    __rt_exit                                0x08000171   Thumb Code     0  rtexit.o(.ARM.Collect$$rtexit$$00000000)
    __rt_exit_ls                             0x08000173   Thumb Code     0  rtexit2.o(.ARM.Collect$$rtexit$$00000003)
    __rt_exit_prels_1                        0x08000173   Thumb Code     0  rtexit2.o(.ARM.Collect$$rtexit$$00000002)
    __rt_exit_exit                           0x08000177   Thumb Code     0  rtexit2.o(.ARM.Collect$$rtexit$$00000004)
    __aeabi_memcpy4                          0x0800017d   Thumb Code    56  rt_memcpy.o(.emb_text)
    __aeabi_memcpy8                          0x0800017d   Thumb Code     0  rt_memcpy.o(.emb_text)
    Reset_Handler                            0x080001b5   Thumb Code     8  startup_stm32l053xx.o(.text)
    ADC1_COMP_IRQHandler                     0x080001c7   Thumb Code     0  startup_stm32l053xx.o(.text)
    DMA1_Channel1_IRQHandler                 0x080001c7   Thumb Code     0  startup_stm32l053xx.o(.text)
    DMA1_Channel2_3_IRQHandler               0x080001c7   Thumb Code     0  startup_stm32l053xx.o(.text)
    DMA1_Channel4_5_6_7_IRQHandler           0x080001c7   Thumb Code     0  startup_stm32l053xx.o(.text)
    EXTI0_1_IRQHandler                       0x080001c7   Thumb Code     0  startup_stm32l053xx.o(.text)
    EXTI2_3_IRQHandler                       0x080001c7   Thumb Code     0  startup_stm32l053xx.o(.text)
    EXTI4_15_IRQHandler                      0x080001c7   Thumb Code     0  startup_stm32l053xx.o(.text)
    FLASH_IRQHandler                         0x080001c7   Thumb Code     0  startup_stm32l053xx.o(.text)
    I2C1_IRQHandler                          0x080001c7   Thumb Code     0  startup_stm32l053xx.o(.text)
    I2C2_IRQHandler                          0x080001c7   Thumb Code     0  startup_stm32l053xx.o(.text)
    LCD_IRQHandler                           0x080001c7   Thumb Code     0  startup_stm32l053xx.o(.text)
    LPTIM1_IRQHandler                        0x080001c7   Thumb Code     0  startup_stm32l053xx.o(.text)
    PVD_IRQHandler                           0x080001c7   Thumb Code     0  startup_stm32l053xx.o(.text)
    RCC_CRS_IRQHandler                       0x080001c7   Thumb Code     0  startup_stm32l053xx.o(.text)
    RNG_LPUART1_IRQHandler                   0x080001c7   Thumb Code     0  startup_stm32l053xx.o(.text)
    RTC_IRQHandler                           0x080001c7   Thumb Code     0  startup_stm32l053xx.o(.text)
    SPI1_IRQHandler                          0x080001c7   Thumb Code     0  startup_stm32l053xx.o(.text)
    SPI2_IRQHandler                          0x080001c7   Thumb Code     0  startup_stm32l053xx.o(.text)
    TIM21_IRQHandler                         0x080001c7   Thumb Code     0  startup_stm32l053xx.o(.text)
    TIM22_IRQHandler                         0x080001c7   Thumb Code     0  startup_stm32l053xx.o(.text)
    TIM2_IRQHandler                          0x080001c7   Thumb Code     0  startup_stm32l053xx.o(.text)
    TSC_IRQHandler                           0x080001c7   Thumb Code     0  startup_stm32l053xx.o(.text)
    USART1_IRQHandler                        0x080001c7   Thumb Code     0  startup_stm32l053xx.o(.text)
    USART2_IRQHandler                        0x080001c7   Thumb Code     0  startup_stm32l053xx.o(.text)
    USB_IRQHandler                           0x080001c7   Thumb Code     0  startup_stm32l053xx.o(.text)
    WWDG_IRQHandler                          0x080001c7   Thumb Code     0  startup_stm32l053xx.o(.text)
    __user_initial_stackheap                 0x080001c9   Thumb Code     0  startup_stm32l053xx.o(.text)
    __aeabi_uldivmod                         0x080001ed   Thumb Code   272  lludiv.o(.text)
    _ll_udiv                                 0x080001ed   Thumb Code     0  lludiv.o(.text)
    __2sprintf                               0x080002fd   Thumb Code    36  noretval__2sprintf.o(.text)
    _printf_pre_padding                      0x08000325   Thumb Code    44  _printf_pad.o(.text)
    _printf_post_padding                     0x08000351   Thumb Code    34  _printf_pad.o(.text)
    _printf_str                              0x08000373   Thumb Code    82  _printf_str.o(.text)
    _printf_int_dec                          0x080003c5   Thumb Code    90  _printf_dec.o(.text)
    __printf                                 0x08000431   Thumb Code   306  __printf_flags_wp.o(.text)
    _memset_w                                0x08000569   Thumb Code    26  rt_memclr.o(.text)
    _memset                                  0x08000583   Thumb Code    30  rt_memclr.o(.text)
    __aeabi_memclr                           0x080005a1   Thumb Code     4  rt_memclr.o(.text)
    __rt_memclr                              0x080005a1   Thumb Code     0  rt_memclr.o(.text)
    __aeabi_memclr4                          0x080005a5   Thumb Code     0  rt_memclr.o(.text)
    __aeabi_memclr8                          0x080005a5   Thumb Code     0  rt_memclr.o(.text)
    __rt_memclr_w                            0x080005a5   Thumb Code     4  rt_memclr.o(.text)
    __use_two_region_memory                  0x080005a9   Thumb Code     2  heapauxi.o(.text)
    __rt_heap_escrow$2region                 0x080005ab   Thumb Code     2  heapauxi.o(.text)
    __rt_heap_expand$2region                 0x080005ad   Thumb Code     2  heapauxi.o(.text)
    __aeabi_d2iz                             0x080005b1   Thumb Code     0  dfixi.o(.text)
    _dfix                                    0x080005b1   Thumb Code    98  dfixi.o(.text)
    __aeabi_i2d_normalise                    0x0800061d   Thumb Code    66  dflti.o(.text)
    __aeabi_i2d                              0x0800065f   Thumb Code    16  dflti.o(.text)
    _dflt                                    0x0800065f   Thumb Code     0  dflti.o(.text)
    __aeabi_ui2d                             0x0800066f   Thumb Code     6  dflti.o(.text)
    _dfltu                                   0x0800066f   Thumb Code     0  dflti.o(.text)
    __aeabi_dmul                             0x08000675   Thumb Code     0  dmul.o(.text)
    _dmul                                    0x08000675   Thumb Code   558  dmul.o(.text)
    _printf_int_common                       0x080008bd   Thumb Code   176  _printf_intcommon.o(.text)
    _printf_char_common                      0x08000977   Thumb Code    32  _printf_char_common.o(.text)
    _sputc                                   0x0800099d   Thumb Code    10  _sputc.o(.text)
    _printf_cs_common                        0x080009a7   Thumb Code    22  _printf_char.o(.text)
    _printf_char                             0x080009bd   Thumb Code    16  _printf_char.o(.text)
    _printf_string                           0x080009cd   Thumb Code     8  _printf_char.o(.text)
    __rt_udiv10                              0x080009d5   Thumb Code    40  rtudiv10.o(.text)
    __user_setup_stackheap                   0x080009fd   Thumb Code    62  sys_stackheap_outer.o(.text)
    exit                                     0x08000a3b   Thumb Code    16  exit.o(.text)
    __user_libspace                          0x08000a4d   Thumb Code     8  libspace.o(.text)
    __user_perproc_libspace                  0x08000a4d   Thumb Code     0  libspace.o(.text)
    __user_perthread_libspace                0x08000a4d   Thumb Code     0  libspace.o(.text)
    _sys_exit                                0x08000a55   Thumb Code     8  sys_exit.o(.text)
    __I$use$semihosting                      0x08000a61   Thumb Code     0  use_no_semi.o(.text)
    __use_no_semihosting_swi                 0x08000a61   Thumb Code     2  use_no_semi.o(.text)
    __semihosting_library_function           0x08000a63   Thumb Code     0  indicate_semi.o(.text)
    Error_Handler                            0x08000b19   Thumb Code     8  main.o(.text.Error_Handler)
    HAL_ADC_ConfigChannel                    0x08000b21   Thumb Code   252  stm32l0xx_hal_adc.o(.text.HAL_ADC_ConfigChannel)
    HAL_ADC_GetValue                         0x08000c2d   Thumb Code     6  stm32l0xx_hal_adc.o(.text.HAL_ADC_GetValue)
    HAL_ADC_Init                             0x08000c35   Thumb Code   436  stm32l0xx_hal_adc.o(.text.HAL_ADC_Init)
    HAL_ADC_MspInit                          0x08000df1   Thumb Code    72  adc.o(.text.HAL_ADC_MspInit)
    HAL_ADC_PollForConversion                0x08000e41   Thumb Code   296  stm32l0xx_hal_adc.o(.text.HAL_ADC_PollForConversion)
    HAL_ADC_Start                            0x08000f69   Thumb Code    84  stm32l0xx_hal_adc.o(.text.HAL_ADC_Start)
    HAL_ADC_Stop                             0x08000fc1   Thumb Code   198  stm32l0xx_hal_adc.o(.text.HAL_ADC_Stop)
    HAL_Delay                                0x08001089   Thumb Code    32  stm32l0xx_hal.o(.text.HAL_Delay)
    HAL_GPIO_Init                            0x080010ad   Thumb Code   416  stm32l0xx_hal_gpio.o(.text.HAL_GPIO_Init)
    HAL_GPIO_ReadPin                         0x0800125d   Thumb Code    10  stm32l0xx_hal_gpio.o(.text.HAL_GPIO_ReadPin)
    HAL_GPIO_WritePin                        0x08001267   Thumb Code    16  stm32l0xx_hal_gpio.o(.text.HAL_GPIO_WritePin)
    HAL_GetTick                              0x08001279   Thumb Code     8  stm32l0xx_hal.o(.text.HAL_GetTick)
    HAL_I2CEx_ConfigAnalogFilter             0x08001281   Thumb Code    68  stm32l0xx_hal_i2c_ex.o(.text.HAL_I2CEx_ConfigAnalogFilter)
    HAL_I2CEx_ConfigDigitalFilter            0x080012c5   Thumb Code    68  stm32l0xx_hal_i2c_ex.o(.text.HAL_I2CEx_ConfigDigitalFilter)
    HAL_I2C_Init                             0x08001309   Thumb Code   160  stm32l0xx_hal_i2c.o(.text.HAL_I2C_Init)
    HAL_I2C_Master_Transmit                  0x080013b1   Thumb Code   380  stm32l0xx_hal_i2c.o(.text.HAL_I2C_Master_Transmit)
    HAL_I2C_MspInit                          0x08001549   Thumb Code    72  i2c.o(.text.HAL_I2C_MspInit)
    HAL_IncTick                              0x0800159d   Thumb Code    16  stm32l0xx_hal.o(.text.HAL_IncTick)
    HAL_Init                                 0x080015b1   Thumb Code    36  stm32l0xx_hal.o(.text.HAL_Init)
    HAL_InitTick                             0x080015d9   Thumb Code    60  stm32l0xx_hal.o(.text.HAL_InitTick)
    HAL_MspInit                              0x0800161d   Thumb Code    20  stm32l0xx_hal_msp.o(.text.HAL_MspInit)
    HAL_NVIC_EnableIRQ                       0x08001635   Thumb Code    20  stm32l0xx_hal_cortex.o(.text.HAL_NVIC_EnableIRQ)
    HAL_NVIC_SetPriority                     0x0800164d   Thumb Code    56  stm32l0xx_hal_cortex.o(.text.HAL_NVIC_SetPriority)
    HAL_RCCEx_PeriphCLKConfig                0x0800168d   Thumb Code   512  stm32l0xx_hal_rcc_ex.o(.text.HAL_RCCEx_PeriphCLKConfig)
    HAL_RCC_ClockConfig                      0x08001895   Thumb Code   536  stm32l0xx_hal_rcc.o(.text.HAL_RCC_ClockConfig)
    HAL_RCC_GetHCLKFreq                      0x08001abd   Thumb Code     8  stm32l0xx_hal_rcc.o(.text.HAL_RCC_GetHCLKFreq)
    HAL_RCC_GetPCLK1Freq                     0x08001ac5   Thumb Code    20  stm32l0xx_hal_rcc.o(.text.HAL_RCC_GetPCLK1Freq)
    HAL_RCC_GetPCLK2Freq                     0x08001ad9   Thumb Code    20  stm32l0xx_hal_rcc.o(.text.HAL_RCC_GetPCLK2Freq)
    HAL_RCC_GetSysClockFreq                  0x08001af9   Thumb Code   100  stm32l0xx_hal_rcc.o(.text.HAL_RCC_GetSysClockFreq)
    HAL_RCC_OscConfig                        0x08001b6d   Thumb Code  1372  stm32l0xx_hal_rcc.o(.text.HAL_RCC_OscConfig)
    HAL_SYSTICK_Config                       0x080020f1   Thumb Code    40  stm32l0xx_hal_cortex.o(.text.HAL_SYSTICK_Config)
    HAL_TIMEx_MasterConfigSynchronization    0x08002125   Thumb Code    76  stm32l0xx_hal_tim_ex.o(.text.HAL_TIMEx_MasterConfigSynchronization)
    HAL_TIM_Base_Init                        0x08002171   Thumb Code   144  stm32l0xx_hal_tim.o(.text.HAL_TIM_Base_Init)
    HAL_TIM_Base_MspInit                     0x08002201   Thumb Code    80  tim.o(.text.HAL_TIM_Base_MspInit)
    HAL_TIM_Base_Start                       0x08002259   Thumb Code    68  stm32l0xx_hal_tim.o(.text.HAL_TIM_Base_Start)
    HAL_TIM_Base_Start_IT                    0x0800229d   Thumb Code    72  stm32l0xx_hal_tim.o(.text.HAL_TIM_Base_Start_IT)
    HAL_TIM_Base_Stop                        0x080022ed   Thumb Code    28  stm32l0xx_hal_tim.o(.text.HAL_TIM_Base_Stop)
    HAL_TIM_ConfigClockSource                0x0800230d   Thumb Code   344  stm32l0xx_hal_tim.o(.text.HAL_TIM_ConfigClockSource)
    HAL_TIM_IC_CaptureCallback               0x08002469   Thumb Code     2  stm32l0xx_hal_tim.o(.text.HAL_TIM_IC_CaptureCallback)
    HAL_TIM_IRQHandler                       0x0800246b   Thumb Code   278  stm32l0xx_hal_tim.o(.text.HAL_TIM_IRQHandler)
    HAL_TIM_OC_DelayElapsedCallback          0x08002581   Thumb Code     2  stm32l0xx_hal_tim.o(.text.HAL_TIM_OC_DelayElapsedCallback)
    HAL_TIM_PWM_ConfigChannel                0x08002585   Thumb Code   336  stm32l0xx_hal_tim.o(.text.HAL_TIM_PWM_ConfigChannel)
    HAL_TIM_PWM_Init                         0x080026d5   Thumb Code   144  stm32l0xx_hal_tim.o(.text.HAL_TIM_PWM_Init)
    HAL_TIM_PWM_MspInit                      0x08002765   Thumb Code     2  stm32l0xx_hal_tim.o(.text.HAL_TIM_PWM_MspInit)
    HAL_TIM_PWM_PulseFinishedCallback        0x08002767   Thumb Code     2  stm32l0xx_hal_tim.o(.text.HAL_TIM_PWM_PulseFinishedCallback)
    HAL_TIM_PWM_Start                        0x08002769   Thumb Code   144  stm32l0xx_hal_tim.o(.text.HAL_TIM_PWM_Start)
    HAL_TIM_PWM_Stop                         0x08002801   Thumb Code    84  stm32l0xx_hal_tim.o(.text.HAL_TIM_PWM_Stop)
    HAL_TIM_PeriodElapsedCallback            0x08002859   Thumb Code    24  main.o(.text.HAL_TIM_PeriodElapsedCallback)
    HAL_TIM_TriggerCallback                  0x08002879   Thumb Code     2  stm32l0xx_hal_tim.o(.text.HAL_TIM_TriggerCallback)
    HAL_UART_Init                            0x0800287b   Thumb Code   106  stm32l0xx_hal_uart.o(.text.HAL_UART_Init)
    HAL_UART_MspInit                         0x080028e5   Thumb Code    76  usart.o(.text.HAL_UART_MspInit)
    HardFault_Handler                        0x08002939   Thumb Code     2  stm32l0xx_it.o(.text.HardFault_Handler)
    Initialize_LCD                           0x08002cc9   Thumb Code   868  iic_1602.o(.text.Initialize_LCD)
    MX_ADC_Init                              0x08003039   Thumb Code   120  adc.o(.text.MX_ADC_Init)
    MX_GPIO_Init                             0x080030bd   Thumb Code   228  gpio.o(.text.MX_GPIO_Init)
    MX_I2C1_Init                             0x080031a5   Thumb Code    76  i2c.o(.text.MX_I2C1_Init)
    MX_TIM21_Init                            0x080031fd   Thumb Code    92  tim.o(.text.MX_TIM21_Init)
    MX_TIM2_Init                             0x08003265   Thumb Code   272  tim.o(.text.MX_TIM2_Init)
    MX_TIM6_Init                             0x08003385   Thumb Code    64  tim.o(.text.MX_TIM6_Init)
    MX_USART2_UART_Init                      0x080033c9   Thumb Code    48  usart.o(.text.MX_USART2_UART_Init)
    NMI_Handler                              0x080033fd   Thumb Code     2  stm32l0xx_it.o(.text.NMI_Handler)
    PendSV_Handler                           0x080033ff   Thumb Code     2  stm32l0xx_it.o(.text.PendSV_Handler)
    SVC_Handler                              0x08003401   Thumb Code     2  stm32l0xx_it.o(.text.SVC_Handler)
    SysTick_Handler                          0x08003403   Thumb Code     8  stm32l0xx_it.o(.text.SysTick_Handler)
    SystemInit                               0x0800340b   Thumb Code     2  system_stm32l0xx.o(.text.SystemInit)
    TIM6_DAC_IRQHandler                      0x0800340d   Thumb Code    12  stm32l0xx_it.o(.text.TIM6_DAC_IRQHandler)
    UART_AdvFeatureConfig                    0x0800341d   Thumb Code   210  stm32l0xx_hal_uart.o(.text.UART_AdvFeatureConfig)
    UART_CheckIdleState                      0x080034f1   Thumb Code   196  stm32l0xx_hal_uart.o(.text.UART_CheckIdleState)
    UART_SetConfig                           0x080035b9   Thumb Code   460  stm32l0xx_hal_uart.o(.text.UART_SetConfig)
    UART_WaitOnFlagUntilTimeout              0x080037c1   Thumb Code   418  stm32l0xx_hal_uart.o(.text.UART_WaitOnFlagUntilTimeout)
    clear_LCD                                0x08003965   Thumb Code   128  iic_1602.o(.text.clear_LCD)
    main                                     0x08003a05   Thumb Code  1412  main.o(.text.main)
    writes                                   0x0800404d   Thumb Code   240  iic_1602.o(.text.writes)
    __aeabi_uidiv                            0x08004149   Thumb Code    68  aeabi_sdivfast.o(.text_divfast)
    __aeabi_idiv                             0x0800418d   Thumb Code   434  aeabi_sdivfast.o(.text_divfast)
    _is_digit                                0x0800433f   Thumb Code    14  __printf_wp.o(i._is_digit)
    __I$use$fp                               0x0800434c   Number         0  usenofp.o(x$fpl$usenofp)
    AHBPrescTable                            0x0800435d   Data          16  system_stm32l0xx.o(.rodata.AHBPrescTable)
    APBPrescTable                            0x0800436d   Data           8  system_stm32l0xx.o(.rodata.APBPrescTable)
    FREQ_TIME_MAP                            0x08004375   Data           3  main.o(.rodata.FREQ_TIME_MAP)
    MODE1_DUTY_LEVEL                         0x08004378   Data           4  main.o(.rodata.MODE1_DUTY_LEVEL)
    PLLMulTable                              0x0800437c   Data           9  system_stm32l0xx.o(.rodata.PLLMulTable)
    TONE_TABLE                               0x08004386   Data          18  main.o(.rodata.TONE_TABLE)
    Region$$Table$$Base                      0x080043a8   Number         0  anon$$obj.o(Region$$Table)
    Region$$Table$$Limit                     0x080043c8   Number         0  anon$$obj.o(Region$$Table)
    uwTickFreq                               0x20000000   Data           1  stm32l0xx_hal.o(.data..L_MergedGlobals)
    uwTickPrio                               0x20000004   Data           4  stm32l0xx_hal.o(.data..L_MergedGlobals)
    SystemCoreClock                          0x20000008   Data           4  system_stm32l0xx.o(.data.SystemCoreClock)
    __libspace_start                         0x20000010   Data          96  libspace.o(.bss)
    __temporary_stack_top$libspace           0x20000070   Data           0  libspace.o(.bss)
    tmp1                                     0x20000070   Data           1  main.o(.bss..L_MergedGlobals)
    tmp2                                     0x20000071   Data           1  main.o(.bss..L_MergedGlobals)
    tmp3                                     0x20000072   Data           1  main.o(.bss..L_MergedGlobals)
    old_mode                                 0x20000073   Data           1  main.o(.bss..L_MergedGlobals)
    time_count1                              0x20000074   Data           2  main.o(.bss..L_MergedGlobals)
    ref                                      0x20000076   Data           5  main.o(.bss..L_MergedGlobals)
    hadc                                     0x2000007c   Data          92  adc.o(.bss.hadc)
    hi2c1                                    0x200000d8   Data          84  i2c.o(.bss.hi2c1)
    htim2                                    0x2000012c   Data          64  tim.o(.bss.htim2)
    htim21                                   0x2000016c   Data          64  tim.o(.bss.htim21)
    htim6                                    0x200001ac   Data          64  tim.o(.bss.htim6)
    huart2                                   0x200001ec   Data         136  usart.o(.bss.huart2)
    i2c_port                                 0x20000274   Data          84  iic_1602.o(.bss.i2c_port)
    uwTick                                   0x200002c8   Data           4  stm32l0xx_hal.o(.bss.uwTick)



==============================================================================

Memory Map of the image

  Image Entry point : 0x080000c1

  Load Region LR_IROM1 (Base: 0x08000000, Size: 0x000043d8, Max: 0x00010000, ABSOLUTE)

    Execution Region ER_IROM1 (Exec base: 0x08000000, Load base: 0x08000000, Size: 0x000043c8, Max: 0x00010000, ABSOLUTE)

    Exec Addr    Load Addr    Size         Type   Attr      Idx    E Section Name        Object

    0x08000000   0x08000000   0x000000c0   Data   RO            3    RESET               startup_stm32l053xx.o
    0x080000c0   0x080000c0   0x00000008   Code   RO         1310  * !!!main             c_p.l(__main.o)
    0x080000c8   0x080000c8   0x0000003c   Code   RO         1511    !!!scatter          c_p.l(__scatter.o)
    0x08000104   0x08000104   0x0000001a   Code   RO         1513    !!handler_copy      c_p.l(__scatter_copy.o)
    0x0800011e   0x0800011e   0x00000002   PAD
    0x08000120   0x08000120   0x0000001c   Code   RO         1515    !!handler_zi        c_p.l(__scatter_zi.o)
    0x0800013c   0x0800013c   0x00000002   Code   RO         1293    .ARM.Collect$$_printf_percent$$00000000  c_p.l(_printf_percent.o)
    0x0800013e   0x0800013e   0x0000000a   Code   RO         1292    .ARM.Collect$$_printf_percent$$00000009  c_p.l(_printf_d.o)
    0x08000148   0x08000148   0x0000000a   Code   RO         1291    .ARM.Collect$$_printf_percent$$00000014  c_p.l(_printf_s.o)
    0x08000152   0x08000152   0x00000004   Code   RO         1335    .ARM.Collect$$_printf_percent$$00000017  c_p.l(_printf_percent_end.o)
    0x08000156   0x08000156   0x00000002   Code   RO         1372    .ARM.Collect$$libinit$$00000000  c_p.l(libinit.o)
    0x08000158   0x08000158   0x00000000   Code   RO         1386    .ARM.Collect$$libinit$$00000002  c_p.l(libinit2.o)
    0x08000158   0x08000158   0x00000000   Code   RO         1388    .ARM.Collect$$libinit$$00000004  c_p.l(libinit2.o)
    0x08000158   0x08000158   0x00000000   Code   RO         1390    .ARM.Collect$$libinit$$00000006  c_p.l(libinit2.o)
    0x08000158   0x08000158   0x00000000   Code   RO         1393    .ARM.Collect$$libinit$$0000000C  c_p.l(libinit2.o)
    0x08000158   0x08000158   0x00000000   Code   RO         1395    .ARM.Collect$$libinit$$0000000E  c_p.l(libinit2.o)
    0x08000158   0x08000158   0x00000000   Code   RO         1397    .ARM.Collect$$libinit$$00000010  c_p.l(libinit2.o)
    0x08000158   0x08000158   0x00000000   Code   RO         1400    .ARM.Collect$$libinit$$00000013  c_p.l(libinit2.o)
    0x08000158   0x08000158   0x00000000   Code   RO         1402    .ARM.Collect$$libinit$$00000015  c_p.l(libinit2.o)
    0x08000158   0x08000158   0x00000000   Code   RO         1404    .ARM.Collect$$libinit$$00000017  c_p.l(libinit2.o)
    0x08000158   0x08000158   0x00000000   Code   RO         1406    .ARM.Collect$$libinit$$00000019  c_p.l(libinit2.o)
    0x08000158   0x08000158   0x00000000   Code   RO         1408    .ARM.Collect$$libinit$$0000001B  c_p.l(libinit2.o)
    0x08000158   0x08000158   0x00000000   Code   RO         1410    .ARM.Collect$$libinit$$0000001D  c_p.l(libinit2.o)
    0x08000158   0x08000158   0x00000000   Code   RO         1412    .ARM.Collect$$libinit$$0000001F  c_p.l(libinit2.o)
    0x08000158   0x08000158   0x00000000   Code   RO         1414    .ARM.Collect$$libinit$$00000021  c_p.l(libinit2.o)
    0x08000158   0x08000158   0x00000000   Code   RO         1416    .ARM.Collect$$libinit$$00000023  c_p.l(libinit2.o)
    0x08000158   0x08000158   0x00000000   Code   RO         1418    .ARM.Collect$$libinit$$00000025  c_p.l(libinit2.o)
    0x08000158   0x08000158   0x00000000   Code   RO         1420    .ARM.Collect$$libinit$$00000027  c_p.l(libinit2.o)
    0x08000158   0x08000158   0x00000000   Code   RO         1424    .ARM.Collect$$libinit$$0000002E  c_p.l(libinit2.o)
    0x08000158   0x08000158   0x00000000   Code   RO         1426    .ARM.Collect$$libinit$$00000030  c_p.l(libinit2.o)
    0x08000158   0x08000158   0x00000000   Code   RO         1428    .ARM.Collect$$libinit$$00000032  c_p.l(libinit2.o)
    0x08000158   0x08000158   0x00000000   Code   RO         1430    .ARM.Collect$$libinit$$00000034  c_p.l(libinit2.o)
    0x08000158   0x08000158   0x00000002   Code   RO         1431    .ARM.Collect$$libinit$$00000035  c_p.l(libinit2.o)
    0x0800015a   0x0800015a   0x00000002   Code   RO         1466    .ARM.Collect$$libshutdown$$00000000  c_p.l(libshutdown.o)
    0x0800015c   0x0800015c   0x00000000   Code   RO         1494    .ARM.Collect$$libshutdown$$00000002  c_p.l(libshutdown2.o)
    0x0800015c   0x0800015c   0x00000000   Code   RO         1496    .ARM.Collect$$libshutdown$$00000004  c_p.l(libshutdown2.o)
    0x0800015c   0x0800015c   0x00000000   Code   RO         1499    .ARM.Collect$$libshutdown$$00000007  c_p.l(libshutdown2.o)
    0x0800015c   0x0800015c   0x00000000   Code   RO         1502    .ARM.Collect$$libshutdown$$0000000A  c_p.l(libshutdown2.o)
    0x0800015c   0x0800015c   0x00000000   Code   RO         1504    .ARM.Collect$$libshutdown$$0000000C  c_p.l(libshutdown2.o)
    0x0800015c   0x0800015c   0x00000000   Code   RO         1507    .ARM.Collect$$libshutdown$$0000000F  c_p.l(libshutdown2.o)
    0x0800015c   0x0800015c   0x00000002   Code   RO         1508    .ARM.Collect$$libshutdown$$00000010  c_p.l(libshutdown2.o)
    0x0800015e   0x0800015e   0x00000000   Code   RO         1318    .ARM.Collect$$rtentry$$00000000  c_p.l(__rtentry.o)
    0x0800015e   0x0800015e   0x00000000   Code   RO         1340    .ARM.Collect$$rtentry$$00000002  c_p.l(__rtentry2.o)
    0x0800015e   0x0800015e   0x00000006   Code   RO         1352    .ARM.Collect$$rtentry$$00000004  c_p.l(__rtentry4.o)
    0x08000164   0x08000164   0x00000000   Code   RO         1342    .ARM.Collect$$rtentry$$00000009  c_p.l(__rtentry2.o)
    0x08000164   0x08000164   0x00000004   Code   RO         1343    .ARM.Collect$$rtentry$$0000000A  c_p.l(__rtentry2.o)
    0x08000168   0x08000168   0x00000000   Code   RO         1345    .ARM.Collect$$rtentry$$0000000C  c_p.l(__rtentry2.o)
    0x08000168   0x08000168   0x00000008   Code   RO         1346    .ARM.Collect$$rtentry$$0000000D  c_p.l(__rtentry2.o)
    0x08000170   0x08000170   0x00000002   Code   RO         1377    .ARM.Collect$$rtexit$$00000000  c_p.l(rtexit.o)
    0x08000172   0x08000172   0x00000000   Code   RO         1437    .ARM.Collect$$rtexit$$00000002  c_p.l(rtexit2.o)
    0x08000172   0x08000172   0x00000004   Code   RO         1438    .ARM.Collect$$rtexit$$00000003  c_p.l(rtexit2.o)
    0x08000176   0x08000176   0x00000006   Code   RO         1439    .ARM.Collect$$rtexit$$00000004  c_p.l(rtexit2.o)
    0x0800017c   0x0800017c   0x00000038   Code   RO         1294    .emb_text           c_p.l(rt_memcpy.o)
    0x080001b4   0x080001b4   0x00000038   Code   RO            4    .text               startup_stm32l053xx.o
    0x080001ec   0x080001ec   0x00000110   Code   RO         1257    .text               c_p.l(lludiv.o)
    0x080002fc   0x080002fc   0x00000028   Code   RO         1261    .text               c_p.l(noretval__2sprintf.o)
    0x08000324   0x08000324   0x0000004e   Code   RO         1265    .text               c_p.l(_printf_pad.o)
    0x08000372   0x08000372   0x00000052   Code   RO         1267    .text               c_p.l(_printf_str.o)
    0x080003c4   0x080003c4   0x0000006c   Code   RO         1269    .text               c_p.l(_printf_dec.o)
    0x08000430   0x08000430   0x00000138   Code   RO         1283    .text               c_p.l(__printf_flags_wp.o)
    0x08000568   0x08000568   0x00000040   Code   RO         1298    .text               c_p.l(rt_memclr.o)
    0x080005a8   0x080005a8   0x00000006   Code   RO         1308    .text               c_p.l(heapauxi.o)
    0x080005ae   0x080005ae   0x00000002   PAD
    0x080005b0   0x080005b0   0x0000006c   Code   RO         1312    .text               fz_ps.l(dfixi.o)
    0x0800061c   0x0800061c   0x00000058   Code   RO         1314    .text               fz_ps.l(dflti.o)
    0x08000674   0x08000674   0x00000248   Code   RO         1316    .text               fz_ps.l(dmul.o)
    0x080008bc   0x080008bc   0x000000b0   Code   RO         1327    .text               c_p.l(_printf_intcommon.o)
    0x0800096c   0x0800096c   0x00000030   Code   RO         1329    .text               c_p.l(_printf_char_common.o)
    0x0800099c   0x0800099c   0x0000000a   Code   RO         1331    .text               c_p.l(_sputc.o)
    0x080009a6   0x080009a6   0x0000002e   Code   RO         1333    .text               c_p.l(_printf_char.o)
    0x080009d4   0x080009d4   0x00000028   Code   RO         1336    .text               c_p.l(rtudiv10.o)
    0x080009fc   0x080009fc   0x0000003e   Code   RO         1358    .text               c_p.l(sys_stackheap_outer.o)
    0x08000a3a   0x08000a3a   0x00000010   Code   RO         1361    .text               c_p.l(exit.o)
    0x08000a4a   0x08000a4a   0x00000002   PAD
    0x08000a4c   0x08000a4c   0x00000008   Code   RO         1373    .text               c_p.l(libspace.o)
    0x08000a54   0x08000a54   0x0000000c   Code   RO         1432    .text               c_p.l(sys_exit.o)
    0x08000a60   0x08000a60   0x00000002   Code   RO         1455    .text               c_p.l(use_no_semi.o)
    0x08000a62   0x08000a62   0x00000000   Code   RO         1457    .text               c_p.l(indicate_semi.o)
    0x08000a62   0x08000a62   0x00000002   PAD
    0x08000a64   0x08000a64   0x000000b4   Code   RO          148    .text.ADC_Enable    stm32l0xx_hal_adc.o
    0x08000b18   0x08000b18   0x00000008   Code   RO           17    .text.Error_Handler  main.o
    0x08000b20   0x08000b20   0x0000010c   Code   RO          182    .text.HAL_ADC_ConfigChannel  stm32l0xx_hal_adc.o
    0x08000c2c   0x08000c2c   0x00000006   Code   RO          170    .text.HAL_ADC_GetValue  stm32l0xx_hal_adc.o
    0x08000c32   0x08000c32   0x00000002   PAD
    0x08000c34   0x08000c34   0x000001bc   Code   RO          138    .text.HAL_ADC_Init  stm32l0xx_hal_adc.o
    0x08000df0   0x08000df0   0x00000050   Code   RO           45    .text.HAL_ADC_MspInit  adc.o
    0x08000e40   0x08000e40   0x00000128   Code   RO          152    .text.HAL_ADC_PollForConversion  stm32l0xx_hal_adc.o
    0x08000f68   0x08000f68   0x00000058   Code   RO          146    .text.HAL_ADC_Start  stm32l0xx_hal_adc.o
    0x08000fc0   0x08000fc0   0x000000c6   Code   RO          150    .text.HAL_ADC_Stop  stm32l0xx_hal_adc.o
    0x08001086   0x08001086   0x00000002   PAD
    0x08001088   0x08001088   0x00000024   Code   RO          240    .text.HAL_Delay     stm32l0xx_hal.o
    0x080010ac   0x080010ac   0x000001b0   Code   RO          637    .text.HAL_GPIO_Init  stm32l0xx_hal_gpio.o
    0x0800125c   0x0800125c   0x0000000a   Code   RO          641    .text.HAL_GPIO_ReadPin  stm32l0xx_hal_gpio.o
    0x08001266   0x08001266   0x00000010   Code   RO          643    .text.HAL_GPIO_WritePin  stm32l0xx_hal_gpio.o
    0x08001276   0x08001276   0x00000002   PAD
    0x08001278   0x08001278   0x00000008   Code   RO          232    .text.HAL_GetTick   stm32l0xx_hal.o
    0x08001280   0x08001280   0x00000044   Code   RO          446    .text.HAL_I2CEx_ConfigAnalogFilter  stm32l0xx_hal_i2c_ex.o
    0x080012c4   0x080012c4   0x00000044   Code   RO          448    .text.HAL_I2CEx_ConfigDigitalFilter  stm32l0xx_hal_i2c_ex.o
    0x08001308   0x08001308   0x000000a8   Code   RO          292    .text.HAL_I2C_Init  stm32l0xx_hal_i2c.o
    0x080013b0   0x080013b0   0x00000198   Code   RO          300    .text.HAL_I2C_Master_Transmit  stm32l0xx_hal_i2c.o
    0x08001548   0x08001548   0x00000054   Code   RO           60    .text.HAL_I2C_MspInit  i2c.o
    0x0800159c   0x0800159c   0x00000014   Code   RO          230    .text.HAL_IncTick   stm32l0xx_hal.o
    0x080015b0   0x080015b0   0x00000028   Code   RO          220    .text.HAL_Init      stm32l0xx_hal.o
    0x080015d8   0x080015d8   0x00000044   Code   RO          222    .text.HAL_InitTick  stm32l0xx_hal.o
    0x0800161c   0x0800161c   0x00000018   Code   RO          130    .text.HAL_MspInit   stm32l0xx_hal_msp.o
    0x08001634   0x08001634   0x00000018   Code   RO          759    .text.HAL_NVIC_EnableIRQ  stm32l0xx_hal_cortex.o
    0x0800164c   0x0800164c   0x00000040   Code   RO          757    .text.HAL_NVIC_SetPriority  stm32l0xx_hal_cortex.o
    0x0800168c   0x0800168c   0x00000208   Code   RO          500    .text.HAL_RCCEx_PeriphCLKConfig  stm32l0xx_hal_rcc_ex.o
    0x08001894   0x08001894   0x00000228   Code   RO          472    .text.HAL_RCC_ClockConfig  stm32l0xx_hal_rcc.o
    0x08001abc   0x08001abc   0x00000008   Code   RO          478    .text.HAL_RCC_GetHCLKFreq  stm32l0xx_hal_rcc.o
    0x08001ac4   0x08001ac4   0x00000014   Code   RO          480    .text.HAL_RCC_GetPCLK1Freq  stm32l0xx_hal_rcc.o
    0x08001ad8   0x08001ad8   0x00000020   Code   RO          482    .text.HAL_RCC_GetPCLK2Freq  stm32l0xx_hal_rcc.o
    0x08001af8   0x08001af8   0x00000074   Code   RO          470    .text.HAL_RCC_GetSysClockFreq  stm32l0xx_hal_rcc.o
    0x08001b6c   0x08001b6c   0x00000584   Code   RO          468    .text.HAL_RCC_OscConfig  stm32l0xx_hal_rcc.o
    0x080020f0   0x080020f0   0x00000034   Code   RO          765    .text.HAL_SYSTICK_Config  stm32l0xx_hal_cortex.o
    0x08002124   0x08002124   0x0000004c   Code   RO         1040    .text.HAL_TIMEx_MasterConfigSynchronization  stm32l0xx_hal_tim_ex.o
    0x08002170   0x08002170   0x00000090   Code   RO          821    .text.HAL_TIM_Base_Init  stm32l0xx_hal_tim.o
    0x08002200   0x08002200   0x00000058   Code   RO           81    .text.HAL_TIM_Base_MspInit  tim.o
    0x08002258   0x08002258   0x00000044   Code   RO          829    .text.HAL_TIM_Base_Start  stm32l0xx_hal_tim.o
    0x0800229c   0x0800229c   0x00000050   Code   RO          833    .text.HAL_TIM_Base_Start_IT  stm32l0xx_hal_tim.o
    0x080022ec   0x080022ec   0x00000020   Code   RO          831    .text.HAL_TIM_Base_Stop  stm32l0xx_hal_tim.o
    0x0800230c   0x0800230c   0x0000015c   Code   RO          991    .text.HAL_TIM_ConfigClockSource  stm32l0xx_hal_tim.o
    0x08002468   0x08002468   0x00000002   Code   RO          953    .text.HAL_TIM_IC_CaptureCallback  stm32l0xx_hal_tim.o
    0x0800246a   0x0800246a   0x00000116   Code   RO          951    .text.HAL_TIM_IRQHandler  stm32l0xx_hal_tim.o
    0x08002580   0x08002580   0x00000002   Code   RO          955    .text.HAL_TIM_OC_DelayElapsedCallback  stm32l0xx_hal_tim.o
    0x08002582   0x08002582   0x00000002   PAD
    0x08002584   0x08002584   0x00000150   Code   RO          967    .text.HAL_TIM_PWM_ConfigChannel  stm32l0xx_hal_tim.o
    0x080026d4   0x080026d4   0x00000090   Code   RO          871    .text.HAL_TIM_PWM_Init  stm32l0xx_hal_tim.o
    0x08002764   0x08002764   0x00000002   Code   RO          873    .text.HAL_TIM_PWM_MspInit  stm32l0xx_hal_tim.o
    0x08002766   0x08002766   0x00000002   Code   RO          957    .text.HAL_TIM_PWM_PulseFinishedCallback  stm32l0xx_hal_tim.o
    0x08002768   0x08002768   0x00000098   Code   RO          879    .text.HAL_TIM_PWM_Start  stm32l0xx_hal_tim.o
    0x08002800   0x08002800   0x00000058   Code   RO          881    .text.HAL_TIM_PWM_Stop  stm32l0xx_hal_tim.o
    0x08002858   0x08002858   0x00000020   Code   RO           19    .text.HAL_TIM_PeriodElapsedCallback  main.o
    0x08002878   0x08002878   0x00000002   Code   RO          961    .text.HAL_TIM_TriggerCallback  stm32l0xx_hal_tim.o
    0x0800287a   0x0800287a   0x0000006a   Code   RO         1052    .text.HAL_UART_Init  stm32l0xx_hal_uart.o
    0x080028e4   0x080028e4   0x00000054   Code   RO           98    .text.HAL_UART_MspInit  usart.o
    0x08002938   0x08002938   0x00000002   Code   RO          113    .text.HardFault_Handler  stm32l0xx_it.o
    0x0800293a   0x0800293a   0x00000002   PAD
    0x0800293c   0x0800293c   0x00000180   Code   RO          436    .text.I2C_IsErrorOccurred  stm32l0xx_hal_i2c.o
    0x08002abc   0x08002abc   0x000000de   Code   RO          302    .text.I2C_WaitOnFlagUntilTimeout  stm32l0xx_hal_i2c.o
    0x08002b9a   0x08002b9a   0x00000086   Code   RO          306    .text.I2C_WaitOnSTOPFlagUntilTimeout  stm32l0xx_hal_i2c.o
    0x08002c20   0x08002c20   0x000000a6   Code   RO          304    .text.I2C_WaitOnTXISFlagUntilTimeout  stm32l0xx_hal_i2c.o
    0x08002cc6   0x08002cc6   0x00000002   PAD
    0x08002cc8   0x08002cc8   0x00000370   Code   RO         1243    .text.Initialize_LCD  iic_1602.o
    0x08003038   0x08003038   0x00000084   Code   RO           43    .text.MX_ADC_Init   adc.o
    0x080030bc   0x080030bc   0x000000e8   Code   RO           35    .text.MX_GPIO_Init  gpio.o
    0x080031a4   0x080031a4   0x00000058   Code   RO           58    .text.MX_I2C1_Init  i2c.o
    0x080031fc   0x080031fc   0x00000068   Code   RO           79    .text.MX_TIM21_Init  tim.o
    0x08003264   0x08003264   0x00000120   Code   RO           73    .text.MX_TIM2_Init  tim.o
    0x08003384   0x08003384   0x00000044   Code   RO           77    .text.MX_TIM6_Init  tim.o
    0x080033c8   0x080033c8   0x00000034   Code   RO           96    .text.MX_USART2_UART_Init  usart.o
    0x080033fc   0x080033fc   0x00000002   Code   RO          111    .text.NMI_Handler   stm32l0xx_it.o
    0x080033fe   0x080033fe   0x00000002   Code   RO          117    .text.PendSV_Handler  stm32l0xx_it.o
    0x08003400   0x08003400   0x00000002   Code   RO          115    .text.SVC_Handler   stm32l0xx_it.o
    0x08003402   0x08003402   0x00000008   Code   RO          119    .text.SysTick_Handler  stm32l0xx_it.o
    0x0800340a   0x0800340a   0x00000002   Code   RO         1219    .text.SystemInit    system_stm32l0xx.o
    0x0800340c   0x0800340c   0x00000010   Code   RO          121    .text.TIM6_DAC_IRQHandler  stm32l0xx_it.o
    0x0800341c   0x0800341c   0x000000d2   Code   RO         1058    .text.UART_AdvFeatureConfig  stm32l0xx_hal_uart.o
    0x080034ee   0x080034ee   0x00000002   PAD
    0x080034f0   0x080034f0   0x000000c8   Code   RO         1060    .text.UART_CheckIdleState  stm32l0xx_hal_uart.o
    0x080035b8   0x080035b8   0x00000208   Code   RO         1056    .text.UART_SetConfig  stm32l0xx_hal_uart.o
    0x080037c0   0x080037c0   0x000001a2   Code   RO         1074    .text.UART_WaitOnFlagUntilTimeout  stm32l0xx_hal_uart.o
    0x08003962   0x08003962   0x00000002   PAD
    0x08003964   0x08003964   0x000000a0   Code   RO         1245    .text.clear_LCD     iic_1602.o
    0x08003a04   0x08003a04   0x00000648   Code   RO           13    .text.main          main.o
    0x0800404c   0x0800404c   0x000000fc   Code   RO         1241    .text.writes        iic_1602.o
    0x08004148   0x08004148   0x000001f6   Code   RO         1301    .text_divfast       c_p.l(aeabi_sdivfast.o)
    0x0800433e   0x0800433e   0x0000000e   Code   RO         1281    i._is_digit         c_p.l(__printf_wp.o)
    0x0800434c   0x0800434c   0x00000000   Code   RO         1338    x$fpl$usenofp       fz_ps.l(usenofp.o)
    0x0800434c   0x0800434c   0x00000011   Data   RO         1284    .constdata          c_p.l(__printf_flags_wp.o)
    0x0800435d   0x0800435d   0x00000010   Data   RO         1224    .rodata.AHBPrescTable  system_stm32l0xx.o
    0x0800436d   0x0800436d   0x00000008   Data   RO         1225    .rodata.APBPrescTable  system_stm32l0xx.o
    0x08004375   0x08004375   0x00000003   Data   RO           23    .rodata.FREQ_TIME_MAP  main.o
    0x08004378   0x08004378   0x00000004   Data   RO           22    .rodata.MODE1_DUTY_LEVEL  main.o
    0x0800437c   0x0800437c   0x00000009   Data   RO         1226    .rodata.PLLMulTable  system_stm32l0xx.o
    0x08004385   0x08004385   0x00000001   PAD
    0x08004386   0x08004386   0x00000012   Data   RO           21    .rodata.TONE_TABLE  main.o
    0x08004398   0x08004398   0x00000010   Data   RO         1178    .rodata.cst16       stm32l0xx_hal_uart.o
    0x080043a8   0x080043a8   0x00000020   Data   RO         1510    Region$$Table       anon$$obj.o


    Execution Region RW_IRAM1 (Exec base: 0x20000000, Load base: 0x080043c8, Size: 0x000008d0, Max: 0x00002000, ABSOLUTE)

    Exec Addr    Load Addr    Size         Type   Attr      Idx    E Section Name        Object

    0x20000000   0x080043c8   0x00000008   Data   RW          283    .data..L_MergedGlobals  stm32l0xx_hal.o
    0x20000008   0x080043d0   0x00000004   Data   RW         1223    .data.SystemCoreClock  system_stm32l0xx.o
    0x2000000c   0x080043d4   0x00000004   PAD
    0x20000010        -       0x00000060   Zero   RW         1374    .bss                c_p.l(libspace.o)
    0x20000070        -       0x0000000b   Zero   RW           26    .bss..L_MergedGlobals  main.o
    0x2000007b   0x080043d4   0x00000001   PAD
    0x2000007c        -       0x0000005c   Zero   RW           49    .bss.hadc           adc.o
    0x200000d8        -       0x00000054   Zero   RW           64    .bss.hi2c1          i2c.o
    0x2000012c        -       0x00000040   Zero   RW           85    .bss.htim2          tim.o
    0x2000016c        -       0x00000040   Zero   RW           87    .bss.htim21         tim.o
    0x200001ac        -       0x00000040   Zero   RW           86    .bss.htim6          tim.o
    0x200001ec        -       0x00000088   Zero   RW          102    .bss.huart2         usart.o
    0x20000274        -       0x00000054   Zero   RW         1247    .bss.i2c_port       iic_1602.o
    0x200002c8        -       0x00000004   Zero   RW          282    .bss.uwTick         stm32l0xx_hal.o
    0x200002cc   0x080043d4   0x00000004   PAD
    0x200002d0        -       0x00000200   Zero   RW            2    HEAP                startup_stm32l053xx.o
    0x200004d0        -       0x00000400   Zero   RW            1    STACK               startup_stm32l053xx.o


==============================================================================

Image component sizes


      Code (inc. data)   RO Data    RW Data    ZI Data      Debug   Object Name

       212         20          0          0         92       4706   adc.o
       232          4          0          0          0       1911   gpio.o
       172         24          0          0         84       4898   i2c.o
      1292         56          0          0         84       9593   iic_1602.o
      1648        244         25          0         11       9095   main.o
        56         26        192          0       1536        620   startup_stm32l053xx.o
       172         20          0          8          4       6693   stm32l0xx_hal.o
      1480         32          0          0          0      14446   stm32l0xx_hal_adc.o
       140         24          0          0          0       6605   stm32l0xx_hal_cortex.o
       458         16          0          0          0       5187   stm32l0xx_hal_gpio.o
      1482         40          0          0          0      62766   stm32l0xx_hal_i2c.o
       136          0          0          0          0       5438   stm32l0xx_hal_i2c_ex.o
        24          4          0          0          0       1084   stm32l0xx_hal_msp.o
      2140        104          0          0          0       9746   stm32l0xx_hal_rcc.o
       520          8          0          0          0       8404   stm32l0xx_hal_rcc_ex.o
      1680         32          0          0          0      54654   stm32l0xx_hal_tim.o
        76          0          0          0          0       4385   stm32l0xx_hal_tim_ex.o
      1454         94         16          0          0      41672   stm32l0xx_hal_uart.o
        32          4          0          0          0       1670   stm32l0xx_it.o
         2          0         33          4          0       2159   system_stm32l0xx.o
       548         40          0          0        192       7109   tim.o
       136         12          0          0        136       4815   usart.o

    ----------------------------------------------------------------------
     14108        804        299         12       2148     267656   Object Totals
         0          0         32          0          0          0   (incl. Generated)
        16          0          1          0          9          0   (incl. Padding)

    ----------------------------------------------------------------------

      Code (inc. data)   RO Data    RW Data    ZI Data      Debug   Library Member Name

         8          0          0          0          0         68   __main.o
       312          6         17          0          0         76   __printf_flags_wp.o
        14          0          0          0          0         60   __printf_wp.o
         0          0          0          0          0          0   __rtentry.o
        12          0          0          0          0          0   __rtentry2.o
         6          0          0          0          0          0   __rtentry4.o
        60          8          0          0          0          0   __scatter.o
        26          0          0          0          0          0   __scatter_copy.o
        28          0          0          0          0          0   __scatter_zi.o
        46          0          0          0          0        100   _printf_char.o
        48          6          0          0          0         88   _printf_char_common.o
        10          0          0          0          0          0   _printf_d.o
       108         18          0          0          0         76   _printf_dec.o
       176          0          0          0          0         84   _printf_intcommon.o
        78          0          0          0          0        100   _printf_pad.o
         2          0          0          0          0          0   _printf_percent.o
         4          0          0          0          0          0   _printf_percent_end.o
        10          0          0          0          0          0   _printf_s.o
        82          0          0          0          0         72   _printf_str.o
        10          0          0          0          0         60   _sputc.o
       502          0          0          0          0         92   aeabi_sdivfast.o
        16          0          0          0          0         68   exit.o
         6          0          0          0          0        136   heapauxi.o
         0          0          0          0          0          0   indicate_semi.o
         2          0          0          0          0          0   libinit.o
         2          0          0          0          0          0   libinit2.o
         2          0          0          0          0          0   libshutdown.o
         2          0          0          0          0          0   libshutdown2.o
         8          4          0          0         96         68   libspace.o
       272          0          0          0          0         88   lludiv.o
        40          4          0          0          0         84   noretval__2sprintf.o
        64          0          0          0          0        108   rt_memclr.o
        56          0          0          0          0         68   rt_memcpy.o
         2          0          0          0          0          0   rtexit.o
        10          0          0          0          0          0   rtexit2.o
        40          0          0          0          0         60   rtudiv10.o
        12          4          0          0          0         60   sys_exit.o
        62          0          0          0          0         80   sys_stackheap_outer.o
         2          0          0          0          0         68   use_no_semi.o
       108         10          0          0          0         72   dfixi.o
        88          0          0          0          0         92   dflti.o
       584         26          0          0          0         84   dmul.o
         0          0          0          0          0          0   usenofp.o

    ----------------------------------------------------------------------
      2928         86         17          0         96       2012   Library Totals
         8          0          0          0          0          0   (incl. Padding)

    ----------------------------------------------------------------------

      Code (inc. data)   RO Data    RW Data    ZI Data      Debug   Library Name

      2140         50         17          0         96       1764   c_p.l
       780         36          0          0          0        248   fz_ps.l

    ----------------------------------------------------------------------
      2928         86         17          0         96       2012   Library Totals

    ----------------------------------------------------------------------

==============================================================================


      Code (inc. data)   RO Data    RW Data    ZI Data      Debug   

     17036        890        316         12       2244     268368   Grand Totals
     17036        890        316         12       2244     268368   ELF Image Totals
     17036        890        316         12          0          0   ROM Totals

==============================================================================

    Total RO  Size (Code + RO Data)                17352 (  16.95kB)
    Total RW  Size (RW Data + ZI Data)              2256 (   2.20kB)
    Total ROM Size (Code + RO Data + RW Data)      17364 (  16.96kB)

==============================================================================

